// Jest Snapshot v1, https://goo.gl/fbAQLP

exports[`<HearingFormStep1 /> should render correctly 1`] = `
<div>
  <div
    class="form-step"
  >
    <fieldset
      class="hearing-languages"
    >
      <legend>
        hearingLanguages
      </legend>
      <div
        class="hearing-languages__row"
      >
        <span
          class="hearing-languages__language"
        >
          <label
            for="kkEditorLanguageSelector-fi"
          >
            inLanguage-fi
            <input
              id="kkEditorLanguageSelector-fi"
              name="language"
              type="checkbox"
              value="fi"
            />
          </label>
        </span>
        <span
          class="hearing-languages__language"
        >
          <label
            for="kkEditorLanguageSelector-sv"
          >
            inLanguage-sv
            <input
              id="kkEditorLanguageSelector-sv"
              name="language"
              type="checkbox"
              value="sv"
            />
          </label>
        </span>
        <span
          class="hearing-languages__language"
        >
          <label
            for="kkEditorLanguageSelector-en"
          >
            inLanguage-en
            <input
              id="kkEditorLanguageSelector-en"
              name="language"
              type="checkbox"
              value="en"
            />
          </label>
        </span>
      </div>
    </fieldset>
    <fieldset
      class="multi-language-text-field"
    >
      <legend>
        title*
      </legend>
    </fieldset>
    <div
      class="row"
    >
      <div
        class="col-md-6"
      >
        <div
          class="form-group"
        >
          <label
            class="control-label"
            for="hearingLabels"
          >
            hearingLabels*
          </label>
          <div
            class="label-elements"
          >
            <div
              class="Combobox-module_root__Hs8Hg Combobox-module_multiselect__3vNbJ"
              style="flex: 1;"
            >
              <div
                class="Combobox-module_wrapper__3kVTg"
              >
                <input
                  aria-autocomplete="list"
                  aria-controls="hds-combobox-1-menu"
                  aria-expanded="false"
                  aria-haspopup="listbox"
                  aria-labelledby="hds-combobox-1-label hds-combobox-1-input"
                  aria-owns="hds-combobox-1-menu"
                  autocomplete="off"
                  autocorrect="off"
                  class="Combobox-module_input__Dcmdn"
                  id="hds-combobox-1-input"
                  placeholder="hearingLabelsPlaceholder"
                  role="combobox"
                  type="text"
                  value=""
                />
                <button
                  aria-expanded="false"
                  aria-label="undefined: undefined"
                  class="Combobox-module_button__1W9PN"
                  id="hds-combobox-1-toggle-button"
                  tabindex="-1"
                  type="button"
                >
                  <svg
                    aria-hidden="true"
                    aria-label="angle-down"
                    class="Icon-module_icon__1Jtzj icon_hds-icon__1YqNC Icon-module_s__2WGWe icon_hds-icon--size-s__2Lkik Combobox-module_angleIcon__10DvA"
                    role="img"
                    viewBox="0 0 24 24"
                    xmlns="http://www.w3.org/2000/svg"
                  >
                    <path
                      clip-rule="evenodd"
                      d="M12 13.5L17 8.5L18.5 10L12 16.5L5.5 10L7 8.5L12 13.5Z"
                      fill="currentColor"
                      fill-rule="evenodd"
                    />
                  </svg>
                </button>
                <ul
                  aria-labelledby="hds-combobox-1-label"
                  aria-multiselectable="true"
                  class="Combobox-module_menu__3jA0e"
                  id="hds-combobox-1-menu"
                  role="listbox"
                  style="max-height: 260px;"
                />
              </div>
            </div>
            <button
              class="Button-module_button__1msFE button_hds-button__2A0je Button-module_primary__2LfKB button_hds-button--primary__2NVvO Button-module_size-small__3lizH button_hds-button--small__2NFef kerrokantasi-btn pull-right add-label-button"
              type="button"
            >
              <span
                class="Button-module_label__a4np1 button_hds-button__label__2EQa-"
              >
                <span
                  class="fa fa-plus icon"
                />
              </span>
            </button>
          </div>
        </div>
      </div>
      <div
        class="col-md-6"
      >
        <div
          class="form-group"
        >
          <label
            class="control-label"
            for="hearingSlug"
          >
            hearingSlug
            *
          </label>
          <span
            class="input-group"
          >
            <span
              class="input-group-addon"
            >
              http://localhost/
            </span>
            <input
              class="form-control"
              id="hearingSlug"
              name="slug"
              placeholder="hearingSlugPlaceholder"
              type="text"
              value=""
            />
          </span>
        </div>
      </div>
    </div>
    <div
      class="form-group"
    >
      <label
        class="control-label"
        for="hearingContacts"
      >
        hearingContacts
        *
      </label>
      <div
        class="contact-elements"
      >
        <div
          class="Combobox-module_root__Hs8Hg Combobox-module_multiselect__3vNbJ"
          style="flex: 1;"
        >
          <div
            class="Combobox-module_wrapper__3kVTg"
          >
            <input
              aria-autocomplete="list"
              aria-controls="hds-combobox-2-menu"
              aria-expanded="false"
              aria-haspopup="listbox"
              aria-labelledby="hds-combobox-2-label hds-combobox-2-input"
              aria-owns="hds-combobox-2-menu"
              autocomplete="off"
              autocorrect="off"
              class="Combobox-module_input__Dcmdn"
              id="hds-combobox-2-input"
              placeholder="hearingContactsPlaceholder"
              role="combobox"
              type="text"
              value=""
            />
            <button
              aria-expanded="false"
              aria-label="undefined: undefined"
              class="Combobox-module_button__1W9PN"
              id="hds-combobox-2-toggle-button"
              tabindex="-1"
              type="button"
            >
              <svg
                aria-hidden="true"
                aria-label="angle-down"
                class="Icon-module_icon__1Jtzj icon_hds-icon__1YqNC Icon-module_s__2WGWe icon_hds-icon--size-s__2Lkik Combobox-module_angleIcon__10DvA"
                role="img"
                viewBox="0 0 24 24"
                xmlns="http://www.w3.org/2000/svg"
              >
                <path
                  clip-rule="evenodd"
                  d="M12 13.5L17 8.5L18.5 10L12 16.5L5.5 10L7 8.5L12 13.5Z"
                  fill="currentColor"
                  fill-rule="evenodd"
                />
              </svg>
            </button>
            <ul
              aria-labelledby="hds-combobox-2-label"
              aria-multiselectable="true"
              class="Combobox-module_menu__3jA0e"
              id="hds-combobox-2-menu"
              role="listbox"
              style="max-height: 260px;"
            />
          </div>
        </div>
        <button
          class="Button-module_button__1msFE button_hds-button__2A0je Button-module_primary__2LfKB button_hds-button--primary__2NVvO Button-module_size-small__3lizH button_hds-button--small__2NFef kerrokantasi-btn pull-right add-contact-button"
          type="button"
        >
          <span
            class="Button-module_label__a4np1 button_hds-button__label__2EQa-"
          >
            <span
              class="fa fa-plus icon"
            />
          </span>
        </button>
      </div>
      <span
        class="help-block"
      >
        hearingContactsHelpText
      </span>
      <div
        class="hearing-contacts"
      />
    </div>
    <div
      class="step-footer"
    >
      <button
        class="Button-module_button__1msFE button_hds-button__2A0je Button-module_primary__2LfKB button_hds-button--primary__2NVvO kerrokantasi-btn"
        type="button"
      >
        <span
          class="Button-module_label__a4np1 button_hds-button__label__2EQa-"
        >
          hearingFormNext
        </span>
      </button>
    </div>
  </div>
</div>
`;
