// Jest Snapshot v1, https://goo.gl/fbAQLP

exports[`<HearingFormStep3 /> should render correctly 1`] = `
<div>
  <div
    class="form-step"
  >
    <div
      class="form-group"
    >
      <label
        class="control-label"
        for="hearingArea"
      >
        hearingArea
      </label>
      <div
        data-testid="MapContainer"
      >
        <div
          data-testid="TileLayer"
        />
        <div
          data-testid="FeatureGroup"
        >
          <div
            data-testid="EditControl"
          />
        </div>
      </div>
    </div>
    <div
      class="step-control"
    >
      <label
        class="geojson_button"
        for="geojsonUploader"
      >
        <input
          id="geojsonUploader"
          style="display: none;"
          type="file"
        />
        <span
          class="fa fa-upload icon"
          style="margin-right: 5px;"
        />
        addGeojson
      </label>
      <span
        class="help-block"
      >
        addGeojsonInfo
      </span>
    </div>
    <div
      class="step-footer"
    >
      <button
        class="Button-module_button__1msFE button_hds-button__2A0je Button-module_primary__2LfKB button_hds-button--primary__2NVvO kerrokantasi-btn"
        type="button"
      >
        <span
          class="Button-module_label__a4np1 button_hds-button__label__2EQa-"
        >
          hearingFormNext
        </span>
      </button>
    </div>
  </div>
</div>
`;
