// Jest Snapshot v1, https://goo.gl/fbAQLP

exports[`<HearingFormStep1 /> should render correctly 1`] = `
<div>
  <div
    class="form-step"
  >
    <fieldset
      class="hearing-languages"
    >
      <legend>
        <span>
          hearingLanguages
        </span>
      </legend>
      <div
        class="hearing-languages__row"
      >
        <span
          class="hearing-languages__language"
        >
          <label
            for="kkEditorLanguageSelector-fi"
          >
            <span>
              inLanguage-fi
            </span>
            <input
              id="kkEditorLanguageSelector-fi"
              name="language"
              type="checkbox"
              value="fi"
            />
          </label>
        </span>
        <span
          class="hearing-languages__language"
        >
          <label
            for="kkEditorLanguageSelector-sv"
          >
            <span>
              inLanguage-sv
            </span>
            <input
              id="kkEditorLanguageSelector-sv"
              name="language"
              type="checkbox"
              value="sv"
            />
          </label>
        </span>
        <span
          class="hearing-languages__language"
        >
          <label
            for="kkEditorLanguageSelector-en"
          >
            <span>
              inLanguage-en
            </span>
            <input
              id="kkEditorLanguageSelector-en"
              name="language"
              type="checkbox"
              value="en"
            />
          </label>
        </span>
      </div>
    </fieldset>
    <fieldset
      class="multi-language-text-field"
    >
      <legend>
        title*
      </legend>
    </fieldset>
    <div
      class="row"
    >
      <div
        class="col-md-6"
      >
        <div
          class="form-group"
        >
          <label
            class="control-label"
            for="hearingLabels"
          >
            hearingLabels*
          </label>
          <div
            class="label-elements"
          >
            <div
              class="Select is-clearable is-searchable Select--multi"
            >
              <div
                class="Select-control"
              >
                <div
                  class="Select-multi-value-wrapper"
                  id="react-select-2--value"
                >
                  <div
                    class="Select-placeholder"
                  >
                    hearingLabelsPlaceholder
                  </div>
                  <div
                    class="Select-input"
                    style="display: inline-block;"
                  >
                    <input
                      aria-activedescendant="react-select-2--value"
                      aria-expanded="false"
                      aria-haspopup="false"
                      aria-owns=""
                      role="combobox"
                      style="box-sizing: content-box; width: 5px;"
                      value=""
                    />
                    <div
                      style="position: absolute; top: 0px; left: 0px; visibility: hidden; height: 0px; overflow: scroll; white-space: pre; font-size: 100%; font-family: inherit; letter-spacing: normal; text-transform: none;"
                    />
                  </div>
                </div>
                <span
                  class="Select-arrow-zone"
                >
                  <span
                    class="Select-arrow"
                  />
                </span>
              </div>
            </div>
            <button
              class="Button-module_button__1msFE button_hds-button__2A0je Button-module_primary__2LfKB button_hds-button--primary__2NVvO Button-module_size-small__3lizH button_hds-button--small__2NFef kerrokantasi-btn pull-right add-label-button"
              type="button"
            >
              <span
                class="Button-module_label__a4np1 button_hds-button__label__2EQa-"
              >
                <span
                  class="fa fa-plus icon"
                />
              </span>
            </button>
          </div>
        </div>
      </div>
      <div
        class="col-md-6"
      >
        <div
          class="form-group"
        >
          <label
            class="control-label"
            for="hearingSlug"
          >
            <span>
              hearingSlug
            </span>
            *
          </label>
          <span
            class="input-group"
          >
            <span
              class="input-group-addon"
            >
              http://localhost/
            </span>
            <input
              class="form-control"
              id="hearingSlug"
              name="slug"
              placeholder="hearingSlugPlaceholder"
              type="text"
              value=""
            />
          </span>
        </div>
      </div>
    </div>
    <div
      class="form-group"
    >
      <label
        class="control-label"
        for="hearingContacts"
      >
        <span>
          hearingContacts
        </span>
        *
      </label>
      <div
        class="contact-elements"
      >
        <div
          class="Select is-clearable is-searchable Select--multi"
        >
          <div
            class="Select-control"
          >
            <div
              class="Select-multi-value-wrapper"
              id="react-select-3--value"
            >
              <div
                class="Select-placeholder"
              >
                hearingContactsPlaceholder
              </div>
              <div
                class="Select-input"
                style="display: inline-block;"
              >
                <input
                  aria-activedescendant="react-select-3--value"
                  aria-expanded="false"
                  aria-haspopup="false"
                  aria-owns=""
                  role="combobox"
                  style="box-sizing: content-box; width: 5px;"
                  value=""
                />
                <div
                  style="position: absolute; top: 0px; left: 0px; visibility: hidden; height: 0px; overflow: scroll; white-space: pre; font-size: 100%; font-family: inherit; letter-spacing: normal; text-transform: none;"
                />
              </div>
            </div>
            <span
              class="Select-arrow-zone"
            >
              <span
                class="Select-arrow"
              />
            </span>
          </div>
        </div>
        <button
          class="Button-module_button__1msFE button_hds-button__2A0je Button-module_primary__2LfKB button_hds-button--primary__2NVvO Button-module_size-small__3lizH button_hds-button--small__2NFef kerrokantasi-btn pull-right add-contact-button"
          type="button"
        >
          <span
            class="Button-module_label__a4np1 button_hds-button__label__2EQa-"
          >
            <span
              class="fa fa-plus icon"
            />
          </span>
        </button>
      </div>
      <span
        class="help-block"
      >
        <span>
          hearingContactsHelpText
        </span>
      </span>
    </div>
    <div
      class="step-footer"
    >
      <button
        class="Button-module_button__1msFE button_hds-button__2A0je Button-module_primary__2LfKB button_hds-button--primary__2NVvO kerrokantasi-btn"
        type="button"
      >
        <span
          class="Button-module_label__a4np1 button_hds-button__label__2EQa-"
        >
          <span>
            hearingFormNext
          </span>
        </span>
      </button>
    </div>
  </div>
</div>
`;
