// Jest Snapshot v1, https://goo.gl/fbAQLP

exports[`<HearingFormStep1 /> should render correctly 1`] = `
<div>
  <div
    class="form-step"
  >
    <fieldset
      class="hearing-languages"
    >
      <legend>
        hearingLanguages
      </legend>
      <div
        class="hearing-languages__row"
      >
        <span
          class="hearing-languages__language"
        >
          <label
            for="kkEditorLanguageSelector-fi"
          >
            inLanguage-fi
            <input
              id="kkEditorLanguageSelector-fi"
              name="language"
              type="checkbox"
              value="fi"
            />
          </label>
        </span>
        <span
          class="hearing-languages__language"
        >
          <label
            for="kkEditorLanguageSelector-sv"
          >
            inLanguage-sv
            <input
              id="kkEditorLanguageSelector-sv"
              name="language"
              type="checkbox"
              value="sv"
            />
          </label>
        </span>
        <span
          class="hearing-languages__language"
        >
          <label
            for="kkEditorLanguageSelector-en"
          >
            inLanguage-en
            <input
              id="kkEditorLanguageSelector-en"
              name="language"
              type="checkbox"
              value="en"
            />
          </label>
        </span>
      </div>
    </fieldset>
    <fieldset
      class="multi-language-text-field"
    >
      <legend>
        title*
      </legend>
    </fieldset>
    <div
      class="row"
    >
      <div
        class="col-md-6"
      >
        <div
          class="form-group"
        >
          <label
            class="control-label"
            for="hearingLabels"
          >
            hearingLabels*
          </label>
          <div
            class="label-elements"
          >
            <div
              class="Select-module_root__Ka5uO Select-module_multiselect__fxewG"
              style="flex: 1;"
            >
              <div
                class="Select-module_wrapper__1WQXs"
              >
                <button
                  aria-expanded="false"
                  aria-haspopup="listbox"
                  aria-labelledby="hds-select-1-label hds-select-1-toggle-button"
                  aria-owns="hds-select-1-menu"
                  class="Select-module_button__1aIsm Select-module_placeholder__21c0j"
                  id="hds-select-1-toggle-button"
                  type="button"
                >
                  <span
                    class="Select-module_buttonLabel__1fqu5"
                  >
                    hearingLabelsPlaceholder
                  </span>
                  <svg
                    aria-hidden="true"
                    aria-label="angle-down"
                    class="Icon-module_icon__1Jtzj icon_hds-icon__1YqNC Icon-module_s__2WGWe icon_hds-icon--size-s__2Lkik Select-module_angleIcon__2-9AD"
                    role="img"
                    viewBox="0 0 24 24"
                    xmlns="http://www.w3.org/2000/svg"
                  >
                    <path
                      clip-rule="evenodd"
                      d="M12 13.5L17 8.5L18.5 10L12 16.5L5.5 10L7 8.5L12 13.5Z"
                      fill="currentColor"
                      fill-rule="evenodd"
                    />
                  </svg>
                </button>
                <ul
                  aria-labelledby="hds-select-1-label"
                  aria-multiselectable="true"
                  class="Select-module_menu__1H2aU"
                  id="hds-select-1-menu"
                  role="listbox"
                  style="max-height: 260px;"
                  tabindex="-1"
                />
              </div>
            </div>
            <button
              class="Button-module_button__1msFE button_hds-button__2A0je Button-module_primary__2LfKB button_hds-button--primary__2NVvO Button-module_size-small__3lizH button_hds-button--small__2NFef kerrokantasi-btn pull-right add-label-button"
              type="button"
            >
              <span
                class="Button-module_label__a4np1 button_hds-button__label__2EQa-"
              >
                <span
                  class="fa fa-plus icon"
                />
              </span>
            </button>
          </div>
        </div>
      </div>
      <div
        class="col-md-6"
      >
        <div
          class="form-group"
        >
          <label
            class="control-label"
            for="hearingSlug"
          >
            hearingSlug
            *
          </label>
          <span
            class="input-group"
          >
            <span
              class="input-group-addon"
            >
              http://localhost/
            </span>
            <input
              class="form-control"
              id="hearingSlug"
              name="slug"
              placeholder="hearingSlugPlaceholder"
              type="text"
              value=""
            />
          </span>
        </div>
      </div>
    </div>
    <div
      class="form-group"
    >
      <label
        class="control-label"
        for="hearingContacts"
      >
        hearingContacts
        *
      </label>
      <div
        class="contact-elements"
      >
        <div
          class="Select-module_root__Ka5uO Select-module_multiselect__fxewG"
          style="flex: 1;"
        >
          <div
            class="Select-module_wrapper__1WQXs"
          >
            <button
              aria-expanded="false"
              aria-haspopup="listbox"
              aria-labelledby="hds-select-2-label hds-select-2-toggle-button"
              aria-owns="hds-select-2-menu"
              class="Select-module_button__1aIsm Select-module_placeholder__21c0j"
              id="hds-select-2-toggle-button"
              type="button"
            >
              <span
                class="Select-module_buttonLabel__1fqu5"
              >
                hearingContactsPlaceholder
              </span>
              <svg
                aria-hidden="true"
                aria-label="angle-down"
                class="Icon-module_icon__1Jtzj icon_hds-icon__1YqNC Icon-module_s__2WGWe icon_hds-icon--size-s__2Lkik Select-module_angleIcon__2-9AD"
                role="img"
                viewBox="0 0 24 24"
                xmlns="http://www.w3.org/2000/svg"
              >
                <path
                  clip-rule="evenodd"
                  d="M12 13.5L17 8.5L18.5 10L12 16.5L5.5 10L7 8.5L12 13.5Z"
                  fill="currentColor"
                  fill-rule="evenodd"
                />
              </svg>
            </button>
            <ul
              aria-labelledby="hds-select-2-label"
              aria-multiselectable="true"
              class="Select-module_menu__1H2aU"
              id="hds-select-2-menu"
              role="listbox"
              style="max-height: 260px;"
              tabindex="-1"
            />
          </div>
        </div>
        <button
          class="Button-module_button__1msFE button_hds-button__2A0je Button-module_primary__2LfKB button_hds-button--primary__2NVvO Button-module_size-small__3lizH button_hds-button--small__2NFef kerrokantasi-btn pull-right add-contact-button"
          type="button"
        >
          <span
            class="Button-module_label__a4np1 button_hds-button__label__2EQa-"
          >
            <span
              class="fa fa-plus icon"
            />
          </span>
        </button>
      </div>
      <span
        class="help-block"
      >
        hearingContactsHelpText
      </span>
      <div
        class="hearing-contacts"
      />
    </div>
    <div
      class="step-footer"
    >
      <button
        class="Button-module_button__1msFE button_hds-button__2A0je Button-module_primary__2LfKB button_hds-button--primary__2NVvO kerrokantasi-btn"
        type="button"
      >
        <span
          class="Button-module_label__a4np1 button_hds-button__label__2EQa-"
        >
          hearingFormNext
        </span>
      </button>
    </div>
  </div>
</div>
`;
