// Jest Snapshot v1, https://goo.gl/fbAQLP

exports[`<HearingContainer /> should render correctly 1`] = `
<div>
  <div
    class="hearing-page"
  >
    <div
      class="hearing-wrapper"
      id="hearing-wrapper"
    >
      <div
        class="header-section"
      >
        <div
          class="container"
        >
          <div
            class="hearing-header"
          >
            <div
              class="row"
            >
              <div
                class="col-md-9"
              >
                <h1
                  class="hearing-header-title"
                >
                  Ideoi Isosaaren tulevaisuutta
                </h1>
              </div>
            </div>
            <a
              href="/undefined?headless=false"
            >
              <span
                class="fa fa-arrow-left"
              />
               
              <span>
                backToHearingMain
              </span>
            </a>
          </div>
        </div>
      </div>
    </div>
  </div>
</div>
`;
