// Jest Snapshot v1, https://goo.gl/fbAQLP

exports[`<HearingContainer /> should render correctly 1`] = `
<div>
  <div
    class="hearing-page"
  >
    <div
      class="loader-wrap"
      data-testid="load-spinner"
    >
      <span
        class="fa fa-hourglass-o fa-2x fa-spin"
      />
    </div>
  </div>
</div>
`;
