// Jest Snapshot v1, https://goo.gl/fbAQLP

exports[`Section component should render as expected 1`] = `
<div
  className="hearing-section"
>
  <div
    className="section-content"
  >
    <div
      dangerouslySetInnerHTML={
        Object {
          "__html": "<p>Samanaikaisesti Isosaaren avaamisen kanssa Helsingin kaupunki aloittaa saaren asemakaavoituksen. Saarta suunnitellaan monipuoliseksi virkistyksen ja matkailun keitaaksi. &nbsp;&nbsp;&nbsp;</p>
<p>Kerro ajatuksesi Isosaaren kehittämisestä: &nbsp;</p>
<ul>
  <li>Minkälaisia matkailupalveluja ja toimintaa Isosaaressa voisi olla?</li>
  <li>Mikä Isosaaressa on ainutlaatuista?&nbsp;</li>
  <li>Millainen Isosaari olisi tulevaisuudessa? Ideoita ja visioita käytetään saaren suunnittelun tukena ja innoituksena.&nbsp;</li>
</ul>
<p>&nbsp;&nbsp;Ideoita ja visioita käytetään saaren suunnittelun tukena ja innoituksena.</p>
<p>Lisätietoja:</p>
<p><a href=\\"http://www.visitisosaari.fi\\">Tietoa Isosaaressa vieraileville</a></p>",
        }
      }
    />
  </div>
  <SectionBrowser
    isMainSection={true}
    sectionNav={
      Object {
        "shouldShowBrowser": true,
      }
    }
  />
</div>
`;
