// Jest Snapshot v1, https://goo.gl/fbAQLP

exports[`ContactList component should render as expected 1`] = `
<div
  className="hearing-contacts"
>
  <h3>
    <FormattedMessage
      id="contactPersons"
      tagName="span"
      values={Object {}}
    />
  </h3>
  <Row
    bsClass="row"
    componentClass="div"
  />
</div>
`;

exports[`Header component should render as expected 1`] = `
<div
  className="hearing-contacts"
>
  <h3>
    <FormattedMessage
      id="contactPersons"
      tagName="span"
      values={Object {}}
    />
  </h3>
  <Row
    bsClass="row"
    componentClass="div"
  />
</div>
`;
