// Jest Snapshot v1, https://goo.gl/fbAQLP

exports[`HearingContainer component should render as expected 1`] = `
<div
  className="hearing-page"
>
  <div>
    <div
      className="hearing-wrapper"
      id="hearing-wrapper"
    >
      <withRouter(InjectIntl(HeaderComponent))
        activeLanguage="fi"
        hearing={
          Object {
            "abstract": Object {
              "fi": "Tämä on suomenkielinen testiabstrakti. Sisältää huikean kuvauksen kyseisestä kuulemisesta.",
            },
            "borough": Object {},
            "close_at": "2200-11-28T22:00:00Z",
            "closed": false,
            "contact_persons": Array [
              Object {
                "email": "seija.suunnittelija@hel.fi",
                "id": "KmzDwlU21Qs6KPgboWgOwRIBAKi4x60X",
                "name": "Seija Suunnittelija",
                "organization": "Kaupunkisuunnitteluvirasto",
                "phone": "09 123 456",
                "title": Object {
                  "fi": "arkkitehti",
                },
              },
            ],
            "created_at": "2017-10-23T11:07:26.630423Z",
            "default_to_fullscreen": false,
            "geojson": null,
            "id": "rXT2L1HxEOZTERjluyxyQZ412aYM8oZE",
            "labels": Array [],
            "main_image": Object {
              "caption": Object {
                "fi": "Millainen on Isosaaren tulevaisuus? Kuva: Kaupunkiympäristön toimiala",
              },
              "height": 631,
              "id": 92,
              "title": Object {},
              "url": "https://api.hel.fi/kerrokantasi-test/media/images/2017/10/LzqVMrMI.jpeg",
              "width": 893,
            },
            "n_comments": 1,
            "open_at": "2017-10-22T21:00:00Z",
            "organization": "Kaupunkisuunnitteluvirasto",
            "published": true,
            "sections": Array [
              Object {
                "abstract": Object {
                  "fi": "Tämä on suomenkielinen testiabstrakti. Sisältää huikean kuvauksen kyseisestä kuulemisesta.",
                },
                "commenting": "open",
                "content": Object {
                  "fi": "<p>Samanaikaisesti Isosaaren avaamisen kanssa Helsingin kaupunki aloittaa saaren asemakaavoituksen. Saarta suunnitellaan monipuoliseksi virkistyksen ja matkailun keitaaksi. &nbsp;&nbsp;&nbsp;</p>
<p>Kerro ajatuksesi Isosaaren kehittämisestä: &nbsp;</p>
<ul>
  <li>Minkälaisia matkailupalveluja ja toimintaa Isosaaressa voisi olla?</li>
  <li>Mikä Isosaaressa on ainutlaatuista?&nbsp;</li>
  <li>Millainen Isosaari olisi tulevaisuudessa? Ideoita ja visioita käytetään saaren suunnittelun tukena ja innoituksena.&nbsp;</li>
</ul>
<p>&nbsp;&nbsp;Ideoita ja visioita käytetään saaren suunnittelun tukena ja innoituksena.</p>
<p>Lisätietoja:</p>
<p><a href=\\"http://www.visitisosaari.fi\\">Tietoa Isosaaressa vieraileville</a></p>",
                },
                "created_at": "2017-10-23T11:07:26.668934Z",
                "id": "7CxRxrlvrW9uCCjEaB9rW1dENHQMudeK",
                "images": Array [
                  Object {
                    "caption": Object {
                      "fi": "A Wonderfull caption",
                    },
                    "height": 631,
                    "id": 92,
                    "title": Object {},
                    "url": "https://api.hel.fi/kerrokantasi-test/media/images/2017/10/LzqVMrMI.jpeg",
                    "width": 893,
                  },
                ],
                "n_comments": 1,
                "plugin_data": "",
                "plugin_fullscreen": false,
                "plugin_identifier": "",
                "plugin_iframe_url": "",
                "published": false,
                "title": Object {},
                "type": "main",
                "type_name_plural": "pääosiot",
                "type_name_singular": "pääosio",
                "voting": "registered",
              },
              Object {
                "abstract": Object {},
                "commenting": "open",
                "content": Object {
                  "fi": "<p>Edistet&auml;&auml;n kest&auml;v&auml;&auml; kaupunkikehityst&auml; tiedostaen alueiden erilaisuus ja eriytymiskehitys.</p>

<p>Keskeisimm&auml;t aluerakentamiskohteet seuraavina vuosina ovat L&auml;nsisatama, Kalasatama, Pasila, Kruunuvuorenranta, Kuninkaantammi ja Honkasuo. Tulevan asuntotuotannon n&auml;k&ouml;kulmasta suunnittelun etenemist&auml; edistet&auml;&auml;n Malmin lentokent&auml;n, Koivusaaren ja &Ouml;stersundomin alueilla. N&auml;iden alueiden osuus asuntotuotannosta on noin 60 prosenttia.</p>

<p>Asuntorakentamisesta 40 prosenttia toteutuu t&auml;ydennysrakentamisena. Tuotantotavoitteen turvaamiseksi t&auml;ydennysrakentamisen koordinaatiota vahvistetaan sek&auml; kehitet&auml;&auml;n prosesseja ja kannusteita.</p>

<p>Asuntotuotantotavoitteen toteuttamiseksi tulee huolehtia riitt&auml;v&auml;st&auml; eri puolilla kaupunkia olevasta asemakaavavarannosta sek&auml; varmistaa tonttien rakentamisedellytykset. T&auml;ydennysrakentamisalueen asemakaavoitusta ohjelmoidaan nykyist&auml; j&auml;rjestelm&auml;llisemmin.</p>

<p>Alueilla, joiden asuntokanta on yksipuolista ja uudistuotanto v&auml;h&auml;ist&auml;, uusi asuntokantaa monipuolistava t&auml;ydennysrakentaminen on t&auml;rkein tavoite.</p>

<p>Jatketaan autopaikattomien ja v&auml;h&auml;autopaikkaisten asuntokohteiden toteuttamista erityisesti hyvien joukkoliikenneyhteyksien l&auml;heisyydess&auml;.</p>",
                },
                "created_at": "2016-01-15T08:31:03.264760Z",
                "id": "asuminen-a-asuinalueiden-elinvoi",
                "images": Array [
                  Object {
                    "caption": Object {
                      "fi": "Asuinalueiden elinvoimaisuus.",
                    },
                    "height": 1067,
                    "id": 24,
                    "title": Object {},
                    "url": "https://api.hel.fi/kerrokantasi-test/media/images/asuminen/section_1/main_image.png",
                    "width": 1211,
                  },
                ],
                "n_comments": 59,
                "plugin_data": "",
                "plugin_fullscreen": false,
                "plugin_identifier": "",
                "plugin_iframe_url": "",
                "published": true,
                "title": Object {
                  "fi": "A. Asuinalueiden elinvoimaisuus",
                },
                "type": "part",
                "type_name_plural": "osa-alueet",
                "type_name_singular": "osa-alue",
                "voting": "registered",
              },
              Object {
                "abstract": Object {},
                "commenting": "open",
                "content": Object {
                  "fi": "<p>Edistet&auml;&auml;n kest&auml;v&auml;&auml; kaupunkikehityst&auml; tiedostaen alueiden erilaisuus ja eriytymiskehitys.</p>

<p>Keskeisimm&auml;t aluerakentamiskohteet seuraavina vuosina ovat L&auml;nsisatama, Kalasatama, Pasila, Kruunuvuorenranta, Kuninkaantammi ja Honkasuo. Tulevan asuntotuotannon n&auml;k&ouml;kulmasta suunnittelun etenemist&auml; edistet&auml;&auml;n Malmin lentokent&auml;n, Koivusaaren ja &Ouml;stersundomin alueilla. N&auml;iden alueiden osuus asuntotuotannosta on noin 60 prosenttia.</p>

<p>Asuntorakentamisesta 40 prosenttia toteutuu t&auml;ydennysrakentamisena. Tuotantotavoitteen turvaamiseksi t&auml;ydennysrakentamisen koordinaatiota vahvistetaan sek&auml; kehitet&auml;&auml;n prosesseja ja kannusteita.</p>

<p>Asuntotuotantotavoitteen toteuttamiseksi tulee huolehtia riitt&auml;v&auml;st&auml; eri puolilla kaupunkia olevasta asemakaavavarannosta sek&auml; varmistaa tonttien rakentamisedellytykset. T&auml;ydennysrakentamisalueen asemakaavoitusta ohjelmoidaan nykyist&auml; j&auml;rjestelm&auml;llisemmin.</p>

<p>Alueilla, joiden asuntokanta on yksipuolista ja uudistuotanto v&auml;h&auml;ist&auml;, uusi asuntokantaa monipuolistava t&auml;ydennysrakentaminen on t&auml;rkein tavoite.</p>

<p>Jatketaan autopaikattomien ja v&auml;h&auml;autopaikkaisten asuntokohteiden toteuttamista erityisesti hyvien joukkoliikenneyhteyksien l&auml;heisyydess&auml;.</p>",
                },
                "created_at": "2016-01-15T08:31:03.264760Z",
                "id": "asuminen-b-asuinalueiden-elinvoi",
                "images": Array [
                  Object {
                    "caption": Object {
                      "fi": "Asuinalueiden elinvoimaisuus.",
                    },
                    "height": 1067,
                    "id": 24,
                    "title": Object {},
                    "url": "https://api.hel.fi/kerrokantasi-test/media/images/asuminen/section_1/main_image.png",
                    "width": 1211,
                  },
                ],
                "n_comments": 59,
                "plugin_data": "",
                "plugin_fullscreen": false,
                "plugin_identifier": "",
                "plugin_iframe_url": "",
                "published": true,
                "title": Object {
                  "fi": "A. Asuinalueiden elinvoimaisuus",
                },
                "type": "part",
                "type_name_plural": "osa-alueet",
                "type_name_singular": "osa-alue",
                "voting": "registered",
              },
            ],
            "servicemap_url": "",
            "slug": "isosaari",
            "title": Object {
              "fi": "Ideoi Isosaaren tulevaisuutta",
            },
          }
        }
        intl={
          Object {
            "defaultFormats": Object {},
            "defaultLocale": "en",
            "formatDate": [Function],
            "formatHTMLMessage": [Function],
            "formatMessage": [Function],
            "formatNumber": [Function],
            "formatPlural": [Function],
            "formatRelative": [Function],
            "formatTime": [Function],
            "formats": Object {},
            "locale": "fi",
            "messages": Object {
              "APICallFailed": "Jokin meni pieleen. Kokeile pian uudestaan tai päivitä selain.",
              "CREATED_AT_ASC": "Vanhin ensin",
              "CREATED_AT_DESC": "Uusin ensin",
              "POPULARITY_ASC": "Vähiten suosittu ensin",
              "POPULARITY_DESC": "Suosituin ensin",
              "addComment": "Vastaa",
              "addOption": "Lisää vaihtoehto",
              "addSection": "Lisää osa-alue",
              "add_images": "Lisää kuvia kommenttiisi",
              "all": "Kaikki",
              "allHearings": "Kaikki kuulemiset",
              "alreadyVoted": "Olet jo antanut äänesi tälle kommentille.",
              "anonymous": "Anonyymi",
              "asOpenData": "avoimena datana",
              "borough": "Alue",
              "cancel": "Peru",
              "characters": "merkkiä",
              "chooseTopic": "Valitse aihe",
              "choose_images": "Valitse kuvia",
              "closeHearing": "Sulje kuuleminen",
              "closedHearing": "Suljettu",
              "commentConditions": "Annetut kommentit julkaistaan {linkToDefinition} Helsingin kaupungin palvelussa {linkToLicense}. Voit jättää kommenttisi nimettömänä, jos et ole kirjautunut sisään. Lisäksi tekstejä tarvittaessa muokataan loukkaavan tai muutoin törkeän kielenkäytön osalta.",
              "commentDeleted": "Kommenttisi on poistettu.",
              "commentEdited": "Kommenttisi on muokattu. Kiitos!",
              "commentOrder": "Järjestä kommentit:",
              "commentReceived": "Kommenttisi on vastaanotettu. Kiitos!",
              "comments": "Mielipiteet",
              "commentsOnMap": "Kartta koko näytöllä",
              "commentsOutOf": "Näytetään {current}/{total} kommenttia.",
              "contactPersons": "Yhteyshenkilöt",
              "contactTitle": "Virkanimike tai tehtäväkuvaus",
              "contactTitlePlaceholder": "Anna yhteyshenkilön virkanimike tai tehtävänkuvaus...",
              "create": "Luo",
              "createContact": "Luo uusi yhteyshenkilö",
              "createHearing": "Luo uusi kuuleminen",
              "createLabel": "Luo uusi asiasana",
              "defaultClosureInfo": "Tämä kuuleminen on sulkeutunut. Mielipiteiden antaminen ja kannattaminen ei enää ole mahdollista.",
              "delete": "Poista",
              "deleteComment": "Poista kommentti",
              "deleteConfirmation": "Oletko varma, että haluat poistaa kommentin?",
              "deleteSection": "Poista osio",
              "downloadReport": "Lataa yhteenveto kommenteista Excel-muodossa",
              "draft": "Luonnos",
              "draftNotPublished": "Luonnos, ei julkaistu",
              "drafts": "Luonnokset",
              "edit": "Muokkaa",
              "editHearing": "Muokkaa",
              "email": "Sähköposti",
              "eyeTooltip": "Tätä kuulemista ei ole julkaistu eikä se ole julkisesti nähtävissä.",
              "eyeTooltipOpens": "Tämä kuuleminen julkaistaan",
              "eyeTooltipOpensDays": "päivän kuluttua. Se ei ole vielä julkisesti nähtävissä.",
              "eyeTooltipOpensHours": "tunnin kuluttua. Se ei ole vielä julkisesti nähtävissä.",
              "feedbackPrompt": "Kerro meille, miten tätä palvelua pitäisi kehittää!",
              "firstClosing": "Ensimmäisenä sulkeutuva",
              "firstOpen": "Ensimmäisenä auennut",
              "follow": "Seuraa",
              "followingHearing": "Seuraat kuulemista.",
              "furtherInformation": "Lisätietoja",
              "hearing": "Kuuleminen",
              "hearingAbstract": "Lyhyt johdanto",
              "hearingArea": "Jos kuuleminen ei koske koko kaupunkia, piirrä kuulemisen tarkka alue kartalle",
              "hearingChangesSaved": "Muutokset tallennettu",
              "hearingClosed": "Sulkeutunut",
              "hearingClosingTime": "Sulkeutumisaika",
              "hearingClosingTimePlaceholder": "Valitse...",
              "hearingClosureInfo": "Sulkeutumistiedote",
              "hearingCommenting": "Kommentointi",
              "hearingContacts": "Yhteyshenkilöt",
              "hearingContactsPlaceholder": "Valitse kuulemisen yhteyshenkilöt",
              "hearingFormHeaderStep1": "1. Kuulemisen perustiedot",
              "hearingFormHeaderStep2": "2. Sisältö",
              "hearingFormHeaderStep3": "3. Kartta",
              "hearingFormHeaderStep4": "4. Julkaisutiedot",
              "hearingFormNext": "Jatka",
              "hearingImage": "Kuulemisen kuva",
              "hearingLabels": "Asiasanat",
              "hearingLabelsPlaceholder": "Valitse kuulemiselle sopivat asiasanat",
              "hearingLanguages": "Kuulemisen tiedot syötetään",
              "hearingMainContent": "Kuulemisen esittelyteksti",
              "hearingMap": "Kuulemiset kartalla",
              "hearingMapHeaderDescription": "Näe kuulemiset kartalla",
              "hearingMapHeaderText": "Kartta",
              "hearingNotFound": "Hakemaasi kuulemista ei löytynyt.",
              "hearingOpeningTime": "Avautumisaika",
              "hearingOpeningTimePlaceholder": "Valitse...",
              "hearingSavingFailed": "Tallentaminen epäonnistui",
              "hearingSlug": "Kuulemisen osoite (täytä osoitteen loppuosa)",
              "hearingSlugPlaceholder": "esimerkki-osoite",
              "hearingTranslationNotAvailable": "Tätä kuulemista ei ole julkaistu suomeksi",
              "hearings": "Kuulemiset",
              "hearingsHeaderDescription": "Antamalla kommenttisi voit vaikuttaa käsiteltävinä olevien asioiden valmisteluun",
              "hearingsHeaderText": "Kuulemiset",
              "help": "Ohjeet",
              "imageSizeError": "Kuva liian suuri, maksimikoko 1MB.",
              "image_too_big": "Kuva liian suuri, kuvan suurin sallitu koko on 1MB",
              "inLanguage-en": "englanniksi",
              "inLanguage-fi": "suomeksi",
              "inLanguage-sv": "ruotsiksi",
              "infoHeaderDescription": "Tämä on palvelun väliaikainen prototyyppi, josta toivomme käyttäjien kommentteja",
              "infoHeaderText": "Tietoa palvelusta",
              "labelPlaceholder": "Anna asiasanan nimi...",
              "lang-en": "English",
              "lang-fi": "Suomi",
              "lang-sv": "Svenska",
              "lastClosing": "Viimeisenä sulkeutuva",
              "lastOpen": "Viimeisenä auennut",
              "leastCommented": "Vähiten kommentoitu",
              "list": "Lista",
              "login": "Kirjaudu sisään",
              "loginToContinue": "Kirjaudu sisään jatkaaksesi",
              "logout": "Kirjaudu ulos",
              "mainSection": "Pääosio",
              "map": "Kartta",
              "mostCommented": "Eniten kommentoitu",
              "moveDown": "Siirrä alas",
              "moveUp": "Siirrä ylös",
              "multipleImages": "Voit lisätä useita kuvia klikkaamalla useampaa tiedostoa samalla kun pidät Ctrl- tai komentonäppäintä painettuna.",
              "name": "Nimi",
              "newHearingPageTitle": "Uusi kuuleminen",
              "newestFirst": "Uusin ensin",
              "newestHearings": "Uusimmat kuulemiset",
              "next": "Seuraava",
              "nextClosingHearing": "Seuraavaksi sulkeutuva kuuleminen",
              "nickname": "Nimimerkki",
              "noCommenting": "Ei kommentointia",
              "noCommentsAvailable": "Ei kommentteja",
              "noHearings": "Kuulemisia ei löytynyt",
              "oldestFirst": "Vanhin ensin",
              "open-hearings-on-map": "Käynnissä olevat kuulemiset kartalla",
              "openCommenting": "Avoin kommentointi",
              "openFullscreenMap": "Kartta koko näytöllä",
              "openHearings": "Avoimet kuulemiset",
              "overview-map": "Kartta",
              "partSection": "Osa-alue",
              "phone": "Puhelinnumero",
              "previous": "Edellinen",
              "privacyPolicy": "Rekisteriseloste",
              "publishHearing": "Hyväksy julkaistavaksi",
              "publishHearingNow": "Julkaise kuuleminen",
              "published": "Julkaistu",
              "publishedHearings": "Julkiset",
              "publishingQueue": "Julkaisujono",
              "register": "Rekisteröidy",
              "registered": "rekisteröitynyt",
              "registeredUsersOnly": "Vain kirjautuneet käyttäjät",
              "removeImage": "Poista kuva",
              "revertPublishing": "Peru julkaisu",
              "saveAndPreviewHearing": "Tallenna ja tarkastele luonnosta",
              "saveFailed": "Tallentaminen epäonnistui",
              "saveHearingChanges": "Tallenna muutokset",
              "scenarioSection": "Vaihtoehto",
              "search": "Etsi",
              "searchLabels": "Hae aiheista",
              "searchPlaceholder": "Etsi...",
              "searchSubjects": "Etsi aiheista",
              "searchTitles": "Etsi otsikoista",
              "sectionAbstract": "Lyhyt johdanto",
              "sectionAbstractPlaceholder": "Kuvaa tässä pääasia lyhyesti. Näytetään alussa suuremmalla kirjasinkoolla kuin muu tekstisisältö.",
              "sectionContent": "Tekstisisältö",
              "sectionContentPlaceholder": "Varsinainen tekstisisältö, johon voit lisätä muotoiluja, linkkejä ja kuvia",
              "sectionImage": "Kuva",
              "sectionImageCaption": "Kuvateksti",
              "sectionImageHelpText": "Kuvan suosituskoko on 960 × 720. (Max. 1MB)",
              "sectionImagePlaceholder": "Selitä tai täydennä kuvaa kuvatekstillä. Mainitse kuvaajan nimi, jos tarpeellista.",
              "sectionTitle": "Osa-alueen otsikko",
              "sectionTitlePlaceholder": "Lisää osa-alueelle kuvaava otsikko.",
              "selectAnotherImage": "Valitse toinen kuva",
              "selectOrDropImage": "Valitse tai pudota kuva",
              "showOnlyOpen": "Näytetään vain avoimet",
              "slugInUse": "Valitsemasi osoite oli käytössä ja siksi vaihdettiin.",
              "sort": "Järjestä",
              "submit": "Lähetä",
              "table-of-content": "Sisällys",
              "timeCloseFuture": "Sulkeutuu",
              "timeClosePast": "Sulkeutui",
              "timeOpenFuture": "Avautuu",
              "timeOpenPast": "Avautui",
              "timetable": "Aikajana",
              "title": "Otsikko",
              "titlePlaceholder": "Anna kuulemiselle kuvaava otsikko...",
              "toBePublishedHearing": "Kuuleminen julkaistaan",
              "totalSubmittedComment": "Yhteensä {n} kommentti",
              "totalSubmittedComments": "Yhteensä {n} kommenttia",
              "tryToFixFormErrors": "Yritä korjata seuraavat ongelmat ja kokeile uudestaan",
              "vote": "Äänestä",
              "voteReceived": "Ääni vastaanotettu. Kiitos!",
              "welcome": "Tervetuloa!",
              "welcomeMessage": "Kerro mielipiteesi valmisteluun tulevista asioista.",
              "withOpenLicense": "avoimella lisenssillä",
              "writeComment": "Kommentti",
            },
            "now": [Function],
          }
        }
        reportUrl="http://localhost:8000//v1/hearing/isosaari/report"
      />
      <withRouter(SectionCarousel)
        hearing={
          Object {
            "abstract": Object {
              "fi": "Tämä on suomenkielinen testiabstrakti. Sisältää huikean kuvauksen kyseisestä kuulemisesta.",
            },
            "borough": Object {},
            "close_at": "2200-11-28T22:00:00Z",
            "closed": false,
            "contact_persons": Array [
              Object {
                "email": "seija.suunnittelija@hel.fi",
                "id": "KmzDwlU21Qs6KPgboWgOwRIBAKi4x60X",
                "name": "Seija Suunnittelija",
                "organization": "Kaupunkisuunnitteluvirasto",
                "phone": "09 123 456",
                "title": Object {
                  "fi": "arkkitehti",
                },
              },
            ],
            "created_at": "2017-10-23T11:07:26.630423Z",
            "default_to_fullscreen": false,
            "geojson": null,
            "id": "rXT2L1HxEOZTERjluyxyQZ412aYM8oZE",
            "labels": Array [],
            "main_image": Object {
              "caption": Object {
                "fi": "Millainen on Isosaaren tulevaisuus? Kuva: Kaupunkiympäristön toimiala",
              },
              "height": 631,
              "id": 92,
              "title": Object {},
              "url": "https://api.hel.fi/kerrokantasi-test/media/images/2017/10/LzqVMrMI.jpeg",
              "width": 893,
            },
            "n_comments": 1,
            "open_at": "2017-10-22T21:00:00Z",
            "organization": "Kaupunkisuunnitteluvirasto",
            "published": true,
            "sections": Array [
              Object {
                "abstract": Object {
                  "fi": "Tämä on suomenkielinen testiabstrakti. Sisältää huikean kuvauksen kyseisestä kuulemisesta.",
                },
                "commenting": "open",
                "content": Object {
                  "fi": "<p>Samanaikaisesti Isosaaren avaamisen kanssa Helsingin kaupunki aloittaa saaren asemakaavoituksen. Saarta suunnitellaan monipuoliseksi virkistyksen ja matkailun keitaaksi. &nbsp;&nbsp;&nbsp;</p>
<p>Kerro ajatuksesi Isosaaren kehittämisestä: &nbsp;</p>
<ul>
  <li>Minkälaisia matkailupalveluja ja toimintaa Isosaaressa voisi olla?</li>
  <li>Mikä Isosaaressa on ainutlaatuista?&nbsp;</li>
  <li>Millainen Isosaari olisi tulevaisuudessa? Ideoita ja visioita käytetään saaren suunnittelun tukena ja innoituksena.&nbsp;</li>
</ul>
<p>&nbsp;&nbsp;Ideoita ja visioita käytetään saaren suunnittelun tukena ja innoituksena.</p>
<p>Lisätietoja:</p>
<p><a href=\\"http://www.visitisosaari.fi\\">Tietoa Isosaaressa vieraileville</a></p>",
                },
                "created_at": "2017-10-23T11:07:26.668934Z",
                "id": "7CxRxrlvrW9uCCjEaB9rW1dENHQMudeK",
                "images": Array [
                  Object {
                    "caption": Object {
                      "fi": "A Wonderfull caption",
                    },
                    "height": 631,
                    "id": 92,
                    "title": Object {},
                    "url": "https://api.hel.fi/kerrokantasi-test/media/images/2017/10/LzqVMrMI.jpeg",
                    "width": 893,
                  },
                ],
                "n_comments": 1,
                "plugin_data": "",
                "plugin_fullscreen": false,
                "plugin_identifier": "",
                "plugin_iframe_url": "",
                "published": false,
                "title": Object {},
                "type": "main",
                "type_name_plural": "pääosiot",
                "type_name_singular": "pääosio",
                "voting": "registered",
              },
              Object {
                "abstract": Object {},
                "commenting": "open",
                "content": Object {
                  "fi": "<p>Edistet&auml;&auml;n kest&auml;v&auml;&auml; kaupunkikehityst&auml; tiedostaen alueiden erilaisuus ja eriytymiskehitys.</p>

<p>Keskeisimm&auml;t aluerakentamiskohteet seuraavina vuosina ovat L&auml;nsisatama, Kalasatama, Pasila, Kruunuvuorenranta, Kuninkaantammi ja Honkasuo. Tulevan asuntotuotannon n&auml;k&ouml;kulmasta suunnittelun etenemist&auml; edistet&auml;&auml;n Malmin lentokent&auml;n, Koivusaaren ja &Ouml;stersundomin alueilla. N&auml;iden alueiden osuus asuntotuotannosta on noin 60 prosenttia.</p>

<p>Asuntorakentamisesta 40 prosenttia toteutuu t&auml;ydennysrakentamisena. Tuotantotavoitteen turvaamiseksi t&auml;ydennysrakentamisen koordinaatiota vahvistetaan sek&auml; kehitet&auml;&auml;n prosesseja ja kannusteita.</p>

<p>Asuntotuotantotavoitteen toteuttamiseksi tulee huolehtia riitt&auml;v&auml;st&auml; eri puolilla kaupunkia olevasta asemakaavavarannosta sek&auml; varmistaa tonttien rakentamisedellytykset. T&auml;ydennysrakentamisalueen asemakaavoitusta ohjelmoidaan nykyist&auml; j&auml;rjestelm&auml;llisemmin.</p>

<p>Alueilla, joiden asuntokanta on yksipuolista ja uudistuotanto v&auml;h&auml;ist&auml;, uusi asuntokantaa monipuolistava t&auml;ydennysrakentaminen on t&auml;rkein tavoite.</p>

<p>Jatketaan autopaikattomien ja v&auml;h&auml;autopaikkaisten asuntokohteiden toteuttamista erityisesti hyvien joukkoliikenneyhteyksien l&auml;heisyydess&auml;.</p>",
                },
                "created_at": "2016-01-15T08:31:03.264760Z",
                "id": "asuminen-a-asuinalueiden-elinvoi",
                "images": Array [
                  Object {
                    "caption": Object {
                      "fi": "Asuinalueiden elinvoimaisuus.",
                    },
                    "height": 1067,
                    "id": 24,
                    "title": Object {},
                    "url": "https://api.hel.fi/kerrokantasi-test/media/images/asuminen/section_1/main_image.png",
                    "width": 1211,
                  },
                ],
                "n_comments": 59,
                "plugin_data": "",
                "plugin_fullscreen": false,
                "plugin_identifier": "",
                "plugin_iframe_url": "",
                "published": true,
                "title": Object {
                  "fi": "A. Asuinalueiden elinvoimaisuus",
                },
                "type": "part",
                "type_name_plural": "osa-alueet",
                "type_name_singular": "osa-alue",
                "voting": "registered",
              },
              Object {
                "abstract": Object {},
                "commenting": "open",
                "content": Object {
                  "fi": "<p>Edistet&auml;&auml;n kest&auml;v&auml;&auml; kaupunkikehityst&auml; tiedostaen alueiden erilaisuus ja eriytymiskehitys.</p>

<p>Keskeisimm&auml;t aluerakentamiskohteet seuraavina vuosina ovat L&auml;nsisatama, Kalasatama, Pasila, Kruunuvuorenranta, Kuninkaantammi ja Honkasuo. Tulevan asuntotuotannon n&auml;k&ouml;kulmasta suunnittelun etenemist&auml; edistet&auml;&auml;n Malmin lentokent&auml;n, Koivusaaren ja &Ouml;stersundomin alueilla. N&auml;iden alueiden osuus asuntotuotannosta on noin 60 prosenttia.</p>

<p>Asuntorakentamisesta 40 prosenttia toteutuu t&auml;ydennysrakentamisena. Tuotantotavoitteen turvaamiseksi t&auml;ydennysrakentamisen koordinaatiota vahvistetaan sek&auml; kehitet&auml;&auml;n prosesseja ja kannusteita.</p>

<p>Asuntotuotantotavoitteen toteuttamiseksi tulee huolehtia riitt&auml;v&auml;st&auml; eri puolilla kaupunkia olevasta asemakaavavarannosta sek&auml; varmistaa tonttien rakentamisedellytykset. T&auml;ydennysrakentamisalueen asemakaavoitusta ohjelmoidaan nykyist&auml; j&auml;rjestelm&auml;llisemmin.</p>

<p>Alueilla, joiden asuntokanta on yksipuolista ja uudistuotanto v&auml;h&auml;ist&auml;, uusi asuntokantaa monipuolistava t&auml;ydennysrakentaminen on t&auml;rkein tavoite.</p>

<p>Jatketaan autopaikattomien ja v&auml;h&auml;autopaikkaisten asuntokohteiden toteuttamista erityisesti hyvien joukkoliikenneyhteyksien l&auml;heisyydess&auml;.</p>",
                },
                "created_at": "2016-01-15T08:31:03.264760Z",
                "id": "asuminen-b-asuinalueiden-elinvoi",
                "images": Array [
                  Object {
                    "caption": Object {
                      "fi": "Asuinalueiden elinvoimaisuus.",
                    },
                    "height": 1067,
                    "id": 24,
                    "title": Object {},
                    "url": "https://api.hel.fi/kerrokantasi-test/media/images/asuminen/section_1/main_image.png",
                    "width": 1211,
                  },
                ],
                "n_comments": 59,
                "plugin_data": "",
                "plugin_fullscreen": false,
                "plugin_identifier": "",
                "plugin_iframe_url": "",
                "published": true,
                "title": Object {
                  "fi": "A. Asuinalueiden elinvoimaisuus",
                },
                "type": "part",
                "type_name_plural": "osa-alueet",
                "type_name_singular": "osa-alue",
                "voting": "registered",
              },
            ],
            "servicemap_url": "",
            "slug": "isosaari",
            "title": Object {
              "fi": "Ideoi Isosaaren tulevaisuutta",
            },
          }
        }
        intl={
          Object {
            "defaultFormats": Object {},
            "defaultLocale": "en",
            "formatDate": [Function],
            "formatHTMLMessage": [Function],
            "formatMessage": [Function],
            "formatNumber": [Function],
            "formatPlural": [Function],
            "formatRelative": [Function],
            "formatTime": [Function],
            "formats": Object {},
            "locale": "fi",
            "messages": Object {
              "APICallFailed": "Jokin meni pieleen. Kokeile pian uudestaan tai päivitä selain.",
              "CREATED_AT_ASC": "Vanhin ensin",
              "CREATED_AT_DESC": "Uusin ensin",
              "POPULARITY_ASC": "Vähiten suosittu ensin",
              "POPULARITY_DESC": "Suosituin ensin",
              "addComment": "Vastaa",
              "addOption": "Lisää vaihtoehto",
              "addSection": "Lisää osa-alue",
              "add_images": "Lisää kuvia kommenttiisi",
              "all": "Kaikki",
              "allHearings": "Kaikki kuulemiset",
              "alreadyVoted": "Olet jo antanut äänesi tälle kommentille.",
              "anonymous": "Anonyymi",
              "asOpenData": "avoimena datana",
              "borough": "Alue",
              "cancel": "Peru",
              "characters": "merkkiä",
              "chooseTopic": "Valitse aihe",
              "choose_images": "Valitse kuvia",
              "closeHearing": "Sulje kuuleminen",
              "closedHearing": "Suljettu",
              "commentConditions": "Annetut kommentit julkaistaan {linkToDefinition} Helsingin kaupungin palvelussa {linkToLicense}. Voit jättää kommenttisi nimettömänä, jos et ole kirjautunut sisään. Lisäksi tekstejä tarvittaessa muokataan loukkaavan tai muutoin törkeän kielenkäytön osalta.",
              "commentDeleted": "Kommenttisi on poistettu.",
              "commentEdited": "Kommenttisi on muokattu. Kiitos!",
              "commentOrder": "Järjestä kommentit:",
              "commentReceived": "Kommenttisi on vastaanotettu. Kiitos!",
              "comments": "Mielipiteet",
              "commentsOnMap": "Kartta koko näytöllä",
              "commentsOutOf": "Näytetään {current}/{total} kommenttia.",
              "contactPersons": "Yhteyshenkilöt",
              "contactTitle": "Virkanimike tai tehtäväkuvaus",
              "contactTitlePlaceholder": "Anna yhteyshenkilön virkanimike tai tehtävänkuvaus...",
              "create": "Luo",
              "createContact": "Luo uusi yhteyshenkilö",
              "createHearing": "Luo uusi kuuleminen",
              "createLabel": "Luo uusi asiasana",
              "defaultClosureInfo": "Tämä kuuleminen on sulkeutunut. Mielipiteiden antaminen ja kannattaminen ei enää ole mahdollista.",
              "delete": "Poista",
              "deleteComment": "Poista kommentti",
              "deleteConfirmation": "Oletko varma, että haluat poistaa kommentin?",
              "deleteSection": "Poista osio",
              "downloadReport": "Lataa yhteenveto kommenteista Excel-muodossa",
              "draft": "Luonnos",
              "draftNotPublished": "Luonnos, ei julkaistu",
              "drafts": "Luonnokset",
              "edit": "Muokkaa",
              "editHearing": "Muokkaa",
              "email": "Sähköposti",
              "eyeTooltip": "Tätä kuulemista ei ole julkaistu eikä se ole julkisesti nähtävissä.",
              "eyeTooltipOpens": "Tämä kuuleminen julkaistaan",
              "eyeTooltipOpensDays": "päivän kuluttua. Se ei ole vielä julkisesti nähtävissä.",
              "eyeTooltipOpensHours": "tunnin kuluttua. Se ei ole vielä julkisesti nähtävissä.",
              "feedbackPrompt": "Kerro meille, miten tätä palvelua pitäisi kehittää!",
              "firstClosing": "Ensimmäisenä sulkeutuva",
              "firstOpen": "Ensimmäisenä auennut",
              "follow": "Seuraa",
              "followingHearing": "Seuraat kuulemista.",
              "furtherInformation": "Lisätietoja",
              "hearing": "Kuuleminen",
              "hearingAbstract": "Lyhyt johdanto",
              "hearingArea": "Jos kuuleminen ei koske koko kaupunkia, piirrä kuulemisen tarkka alue kartalle",
              "hearingChangesSaved": "Muutokset tallennettu",
              "hearingClosed": "Sulkeutunut",
              "hearingClosingTime": "Sulkeutumisaika",
              "hearingClosingTimePlaceholder": "Valitse...",
              "hearingClosureInfo": "Sulkeutumistiedote",
              "hearingCommenting": "Kommentointi",
              "hearingContacts": "Yhteyshenkilöt",
              "hearingContactsPlaceholder": "Valitse kuulemisen yhteyshenkilöt",
              "hearingFormHeaderStep1": "1. Kuulemisen perustiedot",
              "hearingFormHeaderStep2": "2. Sisältö",
              "hearingFormHeaderStep3": "3. Kartta",
              "hearingFormHeaderStep4": "4. Julkaisutiedot",
              "hearingFormNext": "Jatka",
              "hearingImage": "Kuulemisen kuva",
              "hearingLabels": "Asiasanat",
              "hearingLabelsPlaceholder": "Valitse kuulemiselle sopivat asiasanat",
              "hearingLanguages": "Kuulemisen tiedot syötetään",
              "hearingMainContent": "Kuulemisen esittelyteksti",
              "hearingMap": "Kuulemiset kartalla",
              "hearingMapHeaderDescription": "Näe kuulemiset kartalla",
              "hearingMapHeaderText": "Kartta",
              "hearingNotFound": "Hakemaasi kuulemista ei löytynyt.",
              "hearingOpeningTime": "Avautumisaika",
              "hearingOpeningTimePlaceholder": "Valitse...",
              "hearingSavingFailed": "Tallentaminen epäonnistui",
              "hearingSlug": "Kuulemisen osoite (täytä osoitteen loppuosa)",
              "hearingSlugPlaceholder": "esimerkki-osoite",
              "hearingTranslationNotAvailable": "Tätä kuulemista ei ole julkaistu suomeksi",
              "hearings": "Kuulemiset",
              "hearingsHeaderDescription": "Antamalla kommenttisi voit vaikuttaa käsiteltävinä olevien asioiden valmisteluun",
              "hearingsHeaderText": "Kuulemiset",
              "help": "Ohjeet",
              "imageSizeError": "Kuva liian suuri, maksimikoko 1MB.",
              "image_too_big": "Kuva liian suuri, kuvan suurin sallitu koko on 1MB",
              "inLanguage-en": "englanniksi",
              "inLanguage-fi": "suomeksi",
              "inLanguage-sv": "ruotsiksi",
              "infoHeaderDescription": "Tämä on palvelun väliaikainen prototyyppi, josta toivomme käyttäjien kommentteja",
              "infoHeaderText": "Tietoa palvelusta",
              "labelPlaceholder": "Anna asiasanan nimi...",
              "lang-en": "English",
              "lang-fi": "Suomi",
              "lang-sv": "Svenska",
              "lastClosing": "Viimeisenä sulkeutuva",
              "lastOpen": "Viimeisenä auennut",
              "leastCommented": "Vähiten kommentoitu",
              "list": "Lista",
              "login": "Kirjaudu sisään",
              "loginToContinue": "Kirjaudu sisään jatkaaksesi",
              "logout": "Kirjaudu ulos",
              "mainSection": "Pääosio",
              "map": "Kartta",
              "mostCommented": "Eniten kommentoitu",
              "moveDown": "Siirrä alas",
              "moveUp": "Siirrä ylös",
              "multipleImages": "Voit lisätä useita kuvia klikkaamalla useampaa tiedostoa samalla kun pidät Ctrl- tai komentonäppäintä painettuna.",
              "name": "Nimi",
              "newHearingPageTitle": "Uusi kuuleminen",
              "newestFirst": "Uusin ensin",
              "newestHearings": "Uusimmat kuulemiset",
              "next": "Seuraava",
              "nextClosingHearing": "Seuraavaksi sulkeutuva kuuleminen",
              "nickname": "Nimimerkki",
              "noCommenting": "Ei kommentointia",
              "noCommentsAvailable": "Ei kommentteja",
              "noHearings": "Kuulemisia ei löytynyt",
              "oldestFirst": "Vanhin ensin",
              "open-hearings-on-map": "Käynnissä olevat kuulemiset kartalla",
              "openCommenting": "Avoin kommentointi",
              "openFullscreenMap": "Kartta koko näytöllä",
              "openHearings": "Avoimet kuulemiset",
              "overview-map": "Kartta",
              "partSection": "Osa-alue",
              "phone": "Puhelinnumero",
              "previous": "Edellinen",
              "privacyPolicy": "Rekisteriseloste",
              "publishHearing": "Hyväksy julkaistavaksi",
              "publishHearingNow": "Julkaise kuuleminen",
              "published": "Julkaistu",
              "publishedHearings": "Julkiset",
              "publishingQueue": "Julkaisujono",
              "register": "Rekisteröidy",
              "registered": "rekisteröitynyt",
              "registeredUsersOnly": "Vain kirjautuneet käyttäjät",
              "removeImage": "Poista kuva",
              "revertPublishing": "Peru julkaisu",
              "saveAndPreviewHearing": "Tallenna ja tarkastele luonnosta",
              "saveFailed": "Tallentaminen epäonnistui",
              "saveHearingChanges": "Tallenna muutokset",
              "scenarioSection": "Vaihtoehto",
              "search": "Etsi",
              "searchLabels": "Hae aiheista",
              "searchPlaceholder": "Etsi...",
              "searchSubjects": "Etsi aiheista",
              "searchTitles": "Etsi otsikoista",
              "sectionAbstract": "Lyhyt johdanto",
              "sectionAbstractPlaceholder": "Kuvaa tässä pääasia lyhyesti. Näytetään alussa suuremmalla kirjasinkoolla kuin muu tekstisisältö.",
              "sectionContent": "Tekstisisältö",
              "sectionContentPlaceholder": "Varsinainen tekstisisältö, johon voit lisätä muotoiluja, linkkejä ja kuvia",
              "sectionImage": "Kuva",
              "sectionImageCaption": "Kuvateksti",
              "sectionImageHelpText": "Kuvan suosituskoko on 960 × 720. (Max. 1MB)",
              "sectionImagePlaceholder": "Selitä tai täydennä kuvaa kuvatekstillä. Mainitse kuvaajan nimi, jos tarpeellista.",
              "sectionTitle": "Osa-alueen otsikko",
              "sectionTitlePlaceholder": "Lisää osa-alueelle kuvaava otsikko.",
              "selectAnotherImage": "Valitse toinen kuva",
              "selectOrDropImage": "Valitse tai pudota kuva",
              "showOnlyOpen": "Näytetään vain avoimet",
              "slugInUse": "Valitsemasi osoite oli käytössä ja siksi vaihdettiin.",
              "sort": "Järjestä",
              "submit": "Lähetä",
              "table-of-content": "Sisällys",
              "timeCloseFuture": "Sulkeutuu",
              "timeClosePast": "Sulkeutui",
              "timeOpenFuture": "Avautuu",
              "timeOpenPast": "Avautui",
              "timetable": "Aikajana",
              "title": "Otsikko",
              "titlePlaceholder": "Anna kuulemiselle kuvaava otsikko...",
              "toBePublishedHearing": "Kuuleminen julkaistaan",
              "totalSubmittedComment": "Yhteensä {n} kommentti",
              "totalSubmittedComments": "Yhteensä {n} kommenttia",
              "tryToFixFormErrors": "Yritä korjata seuraavat ongelmat ja kokeile uudestaan",
              "vote": "Äänestä",
              "voteReceived": "Ääni vastaanotettu. Kiitos!",
              "welcome": "Tervetuloa!",
              "welcomeMessage": "Kerro mielipiteesi valmisteluun tulevista asioista.",
              "withOpenLicense": "avoimella lisenssillä",
              "writeComment": "Kommentti",
            },
            "now": [Function],
          }
        }
        language="fi"
      />
      <Switch>
        <Route
          component={[Function]}
          path="/:hearingSlug/:sectionId"
        />
        <Route
          component={[Function]}
          path="/:hearingSlug"
        />
      </Switch>
    </div>
  </div>
</div>
`;
