// Jest Snapshot v1, https://goo.gl/fbAQLP

exports[`SectionImage component should render as expected 1`] = `
<div
  key="https://api.hel.fi/kerrokantasi-test/media/images/2017/10/LzqVMrMI.jpeg"
>
  <img
    alt="Amazing Title"
    className="img-responsive"
    src="https://api.hel.fi/kerrokantasi-test/media/images/2017/10/LzqVMrMI.jpeg"
    title="Amazing Title"
  />
  <div
    className="image-caption"
  >
    Mock Von Caption
  </div>
</div>
`;
