// Jest Snapshot v1, https://goo.gl/fbAQLP

exports[`<UserProfile /> should render correctly 1`] = `
<div>
  <div
    class="container user-profile"
  >
    <div
      class="row"
    >
      <h1>
        userInfo
      </h1>
      <h2>
        favoriteHearings
      </h2>
    </div>
    <div
      class="row"
    >
      <div
        class="col-md-12"
      >
        <div
          class="hearing-card-list row"
          data-testid="hearing-card-list"
        >
          <div
            class="col-md-3 col-xs-12"
          >
            <div
              class="hearing-card user-favorite"
            >
              <div>
                <div
                  alt="firstFavoriteHearing"
                  class="mouse-only-click-element hearing-card-image"
                  style="background-image: url(test-file-stub);"
                />
              </div>
              <div
                class="hearing-card-content"
              >
                <h3
                  class="h4 hearing-card-title"
                >
                  <a
                    href="/undefined?headless=false"
                  >
                    firstFavoriteHearing
                  </a>
                </h3>
                <div
                  class="hearing-card-time expires"
                >
                  <span />
                </div>
                <div
                  class="hearing-card-labels clearfix"
                >
                  <div
                    aria-label="labelListTagsTitle"
                    class="hearing-list-item-labellist"
                  />
                </div>
                <div
                  class="favorite-button-wrapper"
                >
                  <button
                    aria-label="Poista suosikeista"
                    class="favorite-icon"
                    title="Poista suosikeista"
                    type="button"
                  >
                    <span
                      aria-hidden="true"
                      class="fa fa-heart"
                    />
                  </button>
                </div>
              </div>
            </div>
          </div>
          <div
            class="col-md-3 col-xs-12"
          >
            <div
              class="hearing-card user-favorite"
            >
              <div>
                <div
                  alt="secondFavoriteHearing"
                  class="mouse-only-click-element hearing-card-image"
                  style="background-image: url(test-file-stub);"
                />
              </div>
              <div
                class="hearing-card-content"
              >
                <h3
                  class="h4 hearing-card-title"
                >
                  <a
                    href="/undefined?headless=false"
                  >
                    secondFavoriteHearing
                  </a>
                </h3>
                <div
                  class="hearing-card-time expires"
                >
                  <span />
                </div>
                <div
                  class="hearing-card-labels clearfix"
                >
                  <div
                    aria-label="labelListTagsTitle"
                    class="hearing-list-item-labellist"
                  />
                </div>
                <div
                  class="favorite-button-wrapper"
                >
                  <button
                    aria-label="Poista suosikeista"
                    class="favorite-icon"
                    title="Poista suosikeista"
                    type="button"
                  >
                    <span
                      aria-hidden="true"
                      class="fa fa-heart"
                    />
                  </button>
                </div>
              </div>
            </div>
          </div>
        </div>
      </div>
    </div>
    <div
      class="row"
    >
      <h2>
        userAddedComments
      </h2>
      <div
        class="col-md-12"
      >
        <div
          class="user-comments-wrapper"
        >
          <div
            class="row"
          >
            <div
              class="col-md-8"
            >
              <div
                class="selection-wrappers"
              >
                <div
                  class="form-group"
                >
                  <label
                    class="control-label"
                    for="hearing-select"
                  >
                    selectHearingComments
                  </label>
                  <select
                    class="form-control"
                    data-testid="hearing-select"
                    id="hearing-select"
                  >
                    <option
                      value=""
                    >
                      Kaikki
                    </option>
                    <option
                      value="hearingOne"
                    >
                      this str contains a full stop so it will be cut.this str contains a full stop so it will be cut.
                    </option>
                    <option
                      value="hearingTwo"
                    >
                      FILLER LOREM IPSUM FILLER. this contains a date near the end so it is sliced 12.12.2020. LOREM I...
                    </option>
                    <option
                      value="hearingThree"
                    >
                      this is 88 characters.this is 88 characters.this is 88 characters.this is 88 characters.
                    </option>
                    <option
                      value="hearingFour"
                    >
                      this is supposed to be a title that is over 100 characters.this is supposed to be a title that i...
                    </option>
                  </select>
                </div>
              </div>
            </div>
            <div
              class="col-md-4"
            >
              <div
                class="order-wrapper"
              >
                <div
                  class="form-group"
                >
                  <label
                    class="control-label"
                    for="sort-select"
                  >
                    sort
                  </label>
                  <select
                    class="form-control"
                    id="sort-select"
                  >
                    <option
                      value="-created_at"
                    >
                      CREATED_AT_DESC
                    </option>
                    <option
                      value="created_at"
                    >
                      CREATED_AT_ASC
                    </option>
                  </select>
                </div>
              </div>
            </div>
          </div>
          <div
            class="row"
          >
            <div
              class="commentlist"
            >
              <div
                class="hearing-comment"
              >
                <div
                  class="hearing-comment__comment-wrapper"
                >
                  <div
                    class="hearing-comment-header"
                  >
                    <div
                      class="hearing-comment-publisher"
                    >
                      <span
                        class="hearing-comment-user"
                      >
                        <span
                          aria-hidden="true"
                          class="fa fa-user"
                        />
                      </span>
                      <span
                        class="hearing-comment-date"
                      >
                        3 vuotta sitten
                      </span>
                    </div>
                    <div
                      class="hearing-comment-status"
                    >
                      <div>
                        <span
                          class="label label-success"
                        >
                          <span
                            class="sr-only"
                          >
                            commentHearingStatus
                          </span>
                          openHearing
                        </span>
                      </div>
                      <a
                        href="/undefined?headless=false"
                      />
                    </div>
                  </div>
                  <div
                    class="hearing-comment-body"
                  >
                    <p>
                      first comment
                    </p>
                  </div>
                  <div
                    class="hearing-comment__images"
                  />
                </div>
              </div>
              <div
                class="hearing-comment"
              >
                <div
                  class="hearing-comment__comment-wrapper"
                >
                  <div
                    class="hearing-comment-header"
                  >
                    <div
                      class="hearing-comment-publisher"
                    >
                      <span
                        class="hearing-comment-user"
                      >
                        <span
                          aria-hidden="true"
                          class="fa fa-user"
                        />
                      </span>
                      <span
                        class="hearing-comment-date"
                      >
                        3 vuotta sitten
                      </span>
                    </div>
                    <div
                      class="hearing-comment-status"
                    >
                      <div>
                        <span
                          class="label label-success"
                        >
                          <span
                            class="sr-only"
                          >
                            commentHearingStatus
                          </span>
                          openHearing
                        </span>
                      </div>
                      <a
                        href="/undefined?headless=false"
                      />
                    </div>
                  </div>
                  <div
                    class="hearing-comment-body"
                  >
                    <p>
                      second comment
                    </p>
                  </div>
                  <div
                    class="hearing-comment__images"
                  />
                </div>
              </div>
              <div
                class="hearing-comment"
              >
                <div
                  class="hearing-comment__comment-wrapper"
                >
                  <div
                    class="hearing-comment-header"
                  >
                    <div
                      class="hearing-comment-publisher"
                    >
                      <span
                        class="hearing-comment-user"
                      >
                        <span
                          aria-hidden="true"
                          class="fa fa-user"
                        />
                      </span>
                      <span
                        class="hearing-comment-date"
                      >
                        3 vuotta sitten
                      </span>
                    </div>
                    <div
                      class="hearing-comment-status"
                    >
                      <div>
                        <span
                          class="label label-success"
                        >
                          <span
                            class="sr-only"
                          >
                            commentHearingStatus
                          </span>
                          openHearing
                        </span>
                      </div>
                      <a
                        href="/undefined?headless=false"
                      />
                    </div>
                  </div>
                  <div
                    class="hearing-comment-body"
                  >
                    <p>
                      third comment
                    </p>
                  </div>
                  <div
                    class="hearing-comment__images"
                  />
                </div>
              </div>
              <div
                class="hearing-comment"
              >
                <div
                  class="hearing-comment__comment-wrapper"
                >
                  <div
                    class="hearing-comment-header"
                  >
                    <div
                      class="hearing-comment-publisher"
                    >
                      <span
                        class="hearing-comment-user"
                      >
                        <span
                          aria-hidden="true"
                          class="fa fa-user"
                        />
                      </span>
                      <span
                        class="hearing-comment-date"
                      >
                        3 vuotta sitten
                      </span>
                    </div>
                    <div
                      class="hearing-comment-status"
                    >
                      <div>
                        <span
                          class="label label-success"
                        >
                          <span
                            class="sr-only"
                          >
                            commentHearingStatus
                          </span>
                          openHearing
                        </span>
                      </div>
                      <a
                        href="/undefined?headless=false"
                      />
                    </div>
                  </div>
                  <div
                    class="hearing-comment-body"
                  >
                    <p>
                      fourth comment
                    </p>
                  </div>
                  <div
                    class="hearing-comment__images"
                  />
                </div>
              </div>
              <div
                class="hearing-comment"
              >
                <div
                  class="hearing-comment__comment-wrapper"
                >
                  <div
                    class="hearing-comment-header"
                  >
                    <div
                      class="hearing-comment-publisher"
                    >
                      <span
                        class="hearing-comment-user"
                      >
                        <span
                          aria-hidden="true"
                          class="fa fa-user"
                        />
                      </span>
                      <span
                        class="hearing-comment-date"
                      >
                        3 vuotta sitten
                      </span>
                    </div>
                    <div
                      class="hearing-comment-status"
                    >
                      <div>
                        <span
                          class="label label-success"
                        >
                          <span
                            class="sr-only"
                          >
                            commentHearingStatus
                          </span>
                          openHearing
                        </span>
                      </div>
                      <a
                        href="/undefined?headless=false"
                      />
                    </div>
                  </div>
                  <div
                    class="hearing-comment-body"
                  >
                    <p>
                      fifth comment
                    </p>
                  </div>
                  <div
                    class="hearing-comment__images"
                  />
                </div>
              </div>
              <div
                class="hearing-comment"
              >
                <div
                  class="hearing-comment__comment-wrapper"
                >
                  <div
                    class="hearing-comment-header"
                  >
                    <div
                      class="hearing-comment-publisher"
                    >
                      <span
                        class="hearing-comment-user"
                      >
                        <span
                          aria-hidden="true"
                          class="fa fa-user"
                        />
                      </span>
                      <span
                        class="hearing-comment-date"
                      >
                        3 vuotta sitten
                      </span>
                    </div>
                    <div
                      class="hearing-comment-status"
                    >
                      <div>
                        <span
                          class="label label-success"
                        >
                          <span
                            class="sr-only"
                          >
                            commentHearingStatus
                          </span>
                          openHearing
                        </span>
                      </div>
                      <a
                        href="/undefined?headless=false"
                      />
                    </div>
                  </div>
                  <div
                    class="hearing-comment-body"
                  >
                    <p>
                      sixth comment
                    </p>
                  </div>
                  <div
                    class="hearing-comment__images"
                  />
                </div>
              </div>
              <div
                class="hearing-comment"
              >
                <div
                  class="hearing-comment__comment-wrapper"
                >
                  <div
                    class="hearing-comment-header"
                  >
                    <div
                      class="hearing-comment-publisher"
                    >
                      <span
                        class="hearing-comment-user"
                      >
                        <span
                          aria-hidden="true"
                          class="fa fa-user"
                        />
                      </span>
                      <span
                        class="hearing-comment-date"
                      >
                        3 vuotta sitten
                      </span>
                    </div>
                    <div
                      class="hearing-comment-status"
                    >
                      <div>
                        <span
                          class="label label-success"
                        >
                          <span
                            class="sr-only"
                          >
                            commentHearingStatus
                          </span>
                          openHearing
                        </span>
                      </div>
                      <a
                        href="/undefined?headless=false"
                      />
                    </div>
                  </div>
                  <div
                    class="hearing-comment-body"
                  >
                    <p>
                      seventh comment
                    </p>
                  </div>
                  <div
                    class="hearing-comment__images"
                  />
                </div>
              </div>
            </div>
          </div>
        </div>
      </div>
    </div>
  </div>
</div>
`;
