exports[`test Hearings component should render as expected 1`] = `
<div
  className="hearings">
  <section
    className="page-section page-section--all-hearings-header">
    <div
      className="container">
      <Row
        bsClass="row"
        componentClass="div">
        <Col
          bsClass="col"
          componentClass="div"
          md={10}
          mdPush={1}>
          <HelmetWrapper
            title="translatedText" />
          <h1
            className="page-title">
            <FormattedMessage
              id="allHearings"
              tagName="span"
              values={Object {}} />
          </h1>
        </Col>
      </Row>
    </div>
  </section>
  <InjectIntl(HearingList)
    handleReachBottom={[Function]}
    handleSearch={[Function]}
    handleSelectLabels={[Function]}
    handleSort={[Function]}
    hearings={Array []}
    isLoading={true}
    onTabChange={[Function]}
    selectedLabels={Array []}
    showOnlyOpen={false}
    tab="list"
    toggleShowOnlyOpen={[Function]} />
</div>
`;
