exports[`test LabelList can handle empty list 1`] = `
<div
  className="labels" />
`;

exports[`test LabelList can handle list of label objects 1`] = `
<div
  className="labels">
  <a
    href="/hearings/list?label=such">
    <span
      className="label label-info">
      such
    </span>
     
  </a>
  <a
    href="/hearings/list?label=label">
    <span
      className="label label-info">
      label
    </span>
     
  </a>
</div>
`;
