// Jest Snapshot v1, https://goo.gl/fbAQLP

exports[`SortableCommentList component should render as expected 1`] = `
<div>
  <div
    className="sortable-comment-list"
  >
    <div
      className="row"
    >
      <div
        className="comment-form-container"
      >
        <Connect(InjectIntl(BaseCommentForm))
          answers={Array []}
          canComment={true}
          collapseForm={false}
          defaultNickname=""
          hearingId="rXT2L1HxEOZTERjluyxyQZ412aYM8oZE"
          language="fi"
          loggedIn={false}
          nicknamePlaceholder="Anonyymi"
          onChangeAnswers={[Function]}
          onPostComment={[Function]}
          section={
            Object {
              "abstract": Object {},
              "commenting": "open",
              "content": Object {
                "fi": "<p>Edistet&auml;&auml;n kest&auml;v&auml;&auml; kaupunkikehityst&auml; tiedostaen alueiden erilaisuus ja eriytymiskehitys.</p>

<p>Keskeisimm&auml;t aluerakentamiskohteet seuraavina vuosina ovat L&auml;nsisatama, Kalasatama, Pasila, Kruunuvuorenranta, Kuninkaantammi ja Honkasuo. Tulevan asuntotuotannon n&auml;k&ouml;kulmasta suunnittelun etenemist&auml; edistet&auml;&auml;n Malmin lentokent&auml;n, Koivusaaren ja &Ouml;stersundomin alueilla. N&auml;iden alueiden osuus asuntotuotannosta on noin 60 prosenttia.</p>

<p>Asuntorakentamisesta 40 prosenttia toteutuu t&auml;ydennysrakentamisena. Tuotantotavoitteen turvaamiseksi t&auml;ydennysrakentamisen koordinaatiota vahvistetaan sek&auml; kehitet&auml;&auml;n prosesseja ja kannusteita.</p>

<p>Asuntotuotantotavoitteen toteuttamiseksi tulee huolehtia riitt&auml;v&auml;st&auml; eri puolilla kaupunkia olevasta asemakaavavarannosta sek&auml; varmistaa tonttien rakentamisedellytykset. T&auml;ydennysrakentamisalueen asemakaavoitusta ohjelmoidaan nykyist&auml; j&auml;rjestelm&auml;llisemmin.</p>

<p>Alueilla, joiden asuntokanta on yksipuolista ja uudistuotanto v&auml;h&auml;ist&auml;, uusi asuntokantaa monipuolistava t&auml;ydennysrakentaminen on t&auml;rkein tavoite.</p>

<p>Jatketaan autopaikattomien ja v&auml;h&auml;autopaikkaisten asuntokohteiden toteuttamista erityisesti hyvien joukkoliikenneyhteyksien l&auml;heisyydess&auml;.</p>",
              },
              "created_at": "2016-01-15T08:31:03.264760Z",
              "id": "asuminen-a-asuinalueiden-elinvoi",
              "images": Array [
                Object {
                  "caption": Object {
                    "fi": "Asuinalueiden elinvoimaisuus.",
                  },
                  "height": 1067,
                  "id": 24,
                  "title": Object {},
                  "url": "https://api.hel.fi/kerrokantasi-test/media/images/asuminen/section_1/main_image.png",
                  "width": 1211,
                },
              ],
              "n_comments": 59,
              "plugin_data": "",
              "plugin_fullscreen": false,
              "plugin_identifier": "",
              "plugin_iframe_url": "",
              "published": true,
              "questions": Array [],
              "title": Object {
                "fi": "A. Asuinalueiden elinvoimaisuus",
              },
              "type": "part",
              "type_name_plural": "osa-alueet",
              "type_name_singular": "osa-alue",
              "voting": "registered",
            }
          }
        />
      </div>
    </div>
    <div>
      <h2>
        <FormattedMessage
          id="comments"
          values={Object {}}
        />
        <div
          className="commenticon"
        >
          <span
            aria-hidden="true"
          >
            <Icon
              Component="span"
              name="comment-o"
            />
             
          </span>
          59
        </div>
      </h2>
      <div
        className="row"
      >
        <form
          className="sort-selector"
        >
          <FormGroup
            bsClass="form-group"
            controlId="sort-select"
          >
            <ControlLabel
              bsClass="control-label"
              srOnly={false}
            >
              <FormattedMessage
                id="commentOrder"
                values={Object {}}
              />
            </ControlLabel>
            <div
              className="select"
            >
              <FormControl
                bsClass="form-control"
                componentClass="select"
                onChange={[Function]}
              >
                <FormattedMessage
                  id="CREATED_AT_DESC"
                  key="CREATED_AT_DESC"
                  values={Object {}}
                >
                  <Component />
                </FormattedMessage>
                <FormattedMessage
                  id="CREATED_AT_ASC"
                  key="CREATED_AT_ASC"
                  values={Object {}}
                >
                  <Component />
                </FormattedMessage>
                <FormattedMessage
                  id="POPULARITY_DESC"
                  key="POPULARITY_DESC"
                  values={Object {}}
                >
                  <Component />
                </FormattedMessage>
                <FormattedMessage
                  id="POPULARITY_ASC"
                  key="POPULARITY_ASC"
                  values={Object {}}
                >
                  <Component />
                </FormattedMessage>
              </FormControl>
            </div>
          </FormGroup>
        </form>
      </div>
      <div>
        <InjectIntl(CommentList)
          canReply={true}
          canVote={true}
          comments={
            Array [
              Object {
                "answers": Array [
                  Object {
                    "answers": Array [
                      115,
                    ],
                    "question": 6,
                    "type": "single-choice",
                  },
                ],
                "author_name": "Mikko Uro",
                "can_edit": false,
                "content": "Testi",
                "created_at": "2017-10-23T11:23:47.475069Z",
                "geojson": null,
                "hearing": "rXT2L1HxEOZTERjluyxyQZ412aYM8oZE",
                "id": 2615,
                "images": Array [],
                "is_registered": true,
                "label": null,
                "language_code": "",
                "n_votes": 0,
                "plugin_data": "",
                "section": "7CxRxrlvrW9uCCjEaB9rW1dENHQMudeK",
              },
            ]
          }
          defaultNickname=""
          hearingId="rXT2L1HxEOZTERjluyxyQZ412aYM8oZE"
          intl={
            Object {
              "defaultFormats": Object {},
              "defaultLocale": "en",
              "formatDate": [Function],
              "formatHTMLMessage": [Function],
              "formatMessage": [Function],
              "formatNumber": [Function],
              "formatPlural": [Function],
              "formatRelative": [Function],
              "formatTime": [Function],
              "formats": Object {},
              "formatters": Object {
                "getDateTimeFormat": [Function],
                "getMessageFormat": [Function],
                "getNumberFormat": [Function],
                "getPluralFormat": [Function],
                "getRelativeFormat": [Function],
              },
              "locale": "fi",
              "messages": Object {
                "APICallFailed": "Jokin meni pieleen. Kokeile pian uudestaan tai päivitä selain.",
                "CREATED_AT_ASC": "Vanhin ensin",
                "CREATED_AT_DESC": "Uusin ensin",
                "POPULARITY_ASC": "Vähiten suosittu ensin",
                "POPULARITY_DESC": "Suosituin ensin",
                "accessibilityLink": "Saavutettavuusseloste",
                "accessibilityPage": "Saavutettavuusseloste",
                "addComment": "Kirjoita kommentti",
                "addGeojson": "Lisää geojson tiedostona",
                "addOption": "Lisää vastausvaihtoehto",
                "addProcess": "Lisää uusi vaihe",
                "addSection": "Lisää osa-alue",
                "add_images": "Lisää kuvia kommenttiisi",
                "adminCommentMessage": "Olet kirjautuneena pääkäyttäjänä. Nimesi ja organisaatiosi näytetään kommenttisi yhteydessä",
                "all": "Kaikki",
                "allHearings": "Kaikki kuulemiset",
                "alreadyVoted": "Olet jo antanut äänesi tälle kommentille.",
                "anonymous": "Anonyymi",
                "asOpenData": "avoimena datana",
                "attachmentName": "liitteen nimi (näkyy osion sivulla)",
                "attachments": "Liitteet",
                "backToHearingMain": "Takaisin kuulemisen etusivulle",
                "borough": "Alue",
                "cancel": "Peru",
                "characters": "merkkiä",
                "chooseTopic": "Valitse aihe",
                "choose_images": "Valitse kuvia",
                "closeHearing": "Sulje kuuleminen",
                "closedHearing": "Suljettu",
                "commentConditions": "Annetut kommentit julkaistaan {linkToDefinition} palvelussa {linkToLicense}. Tekstejä voidaan muokata loukkaavan tai muutoin törkeän kielenkäytön osalta.",
                "commentDeleted": "Kommenttisi on poistettu.",
                "commentEdited": "Kommenttisi on muokattu. Kiitos!",
                "commentMapAdditionalInfo": "Lisätietoja karttaan liittyen (esim. osoite)",
                "commentMapInstructions": "Voit merkitä ehdotuksesi valitsemalla merkintätavan ja sen jälkeen merkitsemällä alueen. Voit poistaa merkintäsi napsauttamalla roskakoria ja sitten 'Tyhjennä kaikki'.",
                "commentMapTitle": "Merkitse ehdotuksesi kartalle",
                "commentOrder": "Järjestä kommentit:",
                "commentReceived": "Kommenttisi on vastaanotettu. Kiitos!",
                "commentRegisteredUsersOnly": "Kirjaudu sisään kommentoidaksesi.",
                "commentStrongRegisteredUsersOnly": "Kirjaudu sisään Suomi.fi-tunnistuksella kommentoidaksesi.",
                "commentSubsectionBtn": "Kommentoi",
                "comments": "Mielipiteet",
                "commentsOnMap": "Kartta koko näytöllä",
                "commentsOutOf": "Näytetään {current}/{total} kommenttia.",
                "contactPersons": "Yhteyshenkilöt",
                "contactTitle": "Virkanimike tai tehtäväkuvaus",
                "contactTitlePlaceholder": "Anna yhteyshenkilön virkanimike tai tehtävänkuvaus...",
                "contrastTitle": "Kontrasti",
                "cookieBar.accept": "Hyväksy kaikki evästeet",
                "cookieBar.decline": "Hyväksy vain välttämättömät evästeet",
                "cookieBar.description": "Käytämme evästeitä parantaaksemme käyttökokemustasi. Voit hyväksyä toiminnan kannalta välttämättömät evästeet tai kaikki evästeet, esim. käyttäjäanalytiikan.",
                "cookieBar.link.href": null,
                "cookieBar.link.text": "Linkki evästekäytäntöön",
                "copyrightText": "Kerrokantasi",
                "create": "Luo",
                "createContact": "Luo uusi yhteyshenkilö",
                "createHearing": "Uusi kuuleminen",
                "createLabel": "Luo uusi asiasana",
                "defaultClosureInfo": "Tämä kuuleminen on sulkeutunut. Mielipiteiden antaminen ja kannattaminen ei enää ole mahdollista.",
                "defaultProject": "Lisää uusi projekti",
                "delete": "Poista",
                "deleteAttachment": "Poista liite",
                "deleteComment": "Poista kommentti",
                "deleteConfirmation": "Oletko varma, että haluat poistaa kommentin?",
                "deleteDraft": "Poista luonnos",
                "deleteQuestion": "Poista kysymys",
                "deleteSection": "Poista osio",
                "disabledLink": "Epäaktiivinen linkki",
                "downloadReport": "Lataa yhteenveto kommenteista Excel-muodossa",
                "draft": "Luonnos",
                "draftDeleted": "Luonnos poistettiin onnistuneesti",
                "draftNotPublished": "Luonnos, ei julkaistu",
                "drafts": "Luonnokset",
                "edit": "Muokkaa",
                "editContact": "Muokkaa yhteystietoa",
                "editHearing": "Muokkaa",
                "email": "Sähköposti",
                "employee": "Työntekijä",
                "errorSaveBeforeAttachment": "Tallenna ensin ja palaa sitten lisäämään liitteet",
                "eyeTooltip": "Tätä kuulemista ei ole julkaistu eikä se ole julkisesti nähtävissä.",
                "eyeTooltipOpens": "Tämä kuuleminen julkaistaan",
                "eyeTooltipOpensDays": "päivän kuluttua. Se ei ole vielä julkisesti nähtävissä.",
                "eyeTooltipOpensHours": "tunnin kuluttua. Se ei ole vielä julkisesti nähtävissä.",
                "feedbackLinkText": "Palaute",
                "feedbackPrompt": "Kerro meille, miten tätä palvelua pitäisi kehittää!",
                "fileSizeError": "Liitetiedosto on liian suuri. Maksimikoko on noin {n} megatavua.",
                "firstClosing": "Ensimmäisenä sulkeutuva",
                "firstOpen": "Ensimmäisenä auennut",
                "follow": "Seuraa",
                "followingHearing": "Seuraat kuulemista.",
                "footerCityLink": "www.example.com",
                "footerLogoAlt": "Kerrokantasi logo",
                "formButtonAcceptAndAdd": "Hyväksy ja lisää",
                "formCheckErrors": "Korjaa lomakkeen virheet ensin",
                "fullscreenHeaderLogoAlt": "Kerrokantasi logo",
                "furtherInformation": "Lisätietoja",
                "generalNo": "Ei",
                "generalYes": "Kyllä",
                "headerLogoAlt": "Kerrokantasi logo",
                "headerPagesNavLabel": "Sivuvalikko",
                "headerUserNavLabel": "Käyttäjävalikko",
                "headerWriteCommentLink": "Kirjoita kommentti",
                "hearing": "Kuuleminen",
                "hearingAbstract": "Lyhyt johdanto",
                "hearingArea": "Jos kuuleminen ei koske koko kaupunkia, piirrä kuulemisen tarkka alue kartalle",
                "hearingAvailable-en": "Hearing available",
                "hearingAvailable-fi": "Kuuleminen saatavilla",
                "hearingAvailable-sv": "Hörandet tillgängligt",
                "hearingAvailableInLang-en": "in English",
                "hearingAvailableInLang-fi": "suomeksi",
                "hearingAvailableInLang-sv": "på svenska",
                "hearingCardComment": "Kommentti",
                "hearingCardComments": "Kommenttia",
                "hearingCardFullWidthComment": "Kommentti",
                "hearingCardFullWidthComments": "Kommenttia",
                "hearingChangesSaved": "Muutokset tallennettu",
                "hearingClosed": "Sulkeutunut",
                "hearingClosingTime": "Sulkeutumisaika",
                "hearingClosingTimePlaceholder": "Valitse...",
                "hearingClosureInfo": "Sulkeutumistiedote",
                "hearingCommenting": "Kommentointi",
                "hearingCommentingMap": "Karttamerkintä kommentoinnissa",
                "hearingCommentingMapChoice1": "Ei käytössä",
                "hearingCommentingMapChoice2": "Piste merkintä",
                "hearingCommentingMapChoice3": "Piste, neliö ja monikulmio merkinnät valittavissa",
                "hearingContacts": "Yhteyshenkilöt",
                "hearingContactsPlaceholder": "Valitse kuulemisen yhteyshenkilöt",
                "hearingFileUpload": "Osion liitteet",
                "hearingFormHeaderStep1": "1. Kuulemisen perustiedot",
                "hearingFormHeaderStep2": "2. Sisältö",
                "hearingFormHeaderStep3": "3. Kartta",
                "hearingFormHeaderStep4": "4. Julkaisutiedot",
                "hearingFormHeaderStep5": "5. Hankkeen vaiheet",
                "hearingFormNext": "Jatka",
                "hearingImage": "Kuulemisen kuva",
                "hearingLabels": "Asiasanat",
                "hearingLabelsPlaceholder": "Valitse kuulemiselle sopivat asiasanat",
                "hearingLanguages": "Kuulemisen tiedot syötetään",
                "hearingListComment": "Kommentti",
                "hearingListComments": "Kommenttia",
                "hearingListNotPublished": "Julkaisematon kuuleminen,",
                "hearingMainContent": "Kuulemisen esittelyteksti",
                "hearingMap": "Kuulemiset kartalla",
                "hearingMapHeaderDescription": "Näe kuulemiset kartalla",
                "hearingMapHeaderText": "Kartta",
                "hearingNotFound": "Hakemaasi kuulemista ei löytynyt.",
                "hearingOnlyAvailableIn": "Kuuleminen saatavilla vain",
                "hearingOnlyAvailableInLang-en": "englanniksi",
                "hearingOnlyAvailableInLang-fi": "suomeksi",
                "hearingOnlyAvailableInLang-sv": "ruotsiksi",
                "hearingOpeningTime": "Avautumisaika",
                "hearingOpeningTimePlaceholder": "Valitse...",
                "hearingPreviewLink": "Kopioi linkki",
                "hearingPreviewLinkFailed": "Linkin kopioiminen epäonnistui.",
                "hearingPreviewLinkSuccess": "Linkki kopioitu leikepöydälle.",
                "hearingPreviewLinkTooltip": "Kopioi esikatselulinkki leikepöydälle.",
                "hearingSavingFailed": "Tallentaminen epäonnistui",
                "hearingSlug": "Kuulemisen osoite (täytä osoitteen loppuosa)",
                "hearingSlugPlaceholder": "esimerkki-osoite",
                "hearingSubsectionsTitle": "Alaosiot",
                "hearingTranslationNotAvailable": "Tätä kuulemista ei ole julkaistu suomeksi",
                "hearings": "Kuulemiset",
                "hearingsHeaderDescription": "Antamalla kommenttisi voit vaikuttaa käsiteltävinä olevien asioiden valmisteluun",
                "hearingsHeaderText": "Kuulemiset",
                "help": "Ohjeet",
                "hideName": "Piilota nimi",
                "iframeAddButton": "Lisää iframe",
                "iframeFormFieldAllow": "Tietoturva yms. lisäasetukset (allow)",
                "iframeFormFieldHeight": "Korkeus pikseleinä (height)",
                "iframeFormFieldScrolling": "Vierityspalkki (scrolling)",
                "iframeFormFieldSrc": "Lähde (src)",
                "iframeFormFieldTitle": "Otsikko (title)",
                "iframeFormFieldWidth": "Leveys pikseleinä (width)",
                "iframeHtmlCopyPaste": "Iframe leikkaa ja liitä html",
                "iframeModalTitle": "Iframe tiedot",
                "imageSizeError": "Kuva on liian suuri. Maksimikoko on 1 megatavu.",
                "inLanguage-en": "englanniksi",
                "inLanguage-fi": "suomeksi",
                "inLanguage-sv": "ruotsiksi",
                "infoHeaderDescription": "Tämä on palvelun väliaikainen prototyyppi, josta toivomme käyttäjien kommentteja",
                "infoHeaderText": "Tietoa palvelusta",
                "infoPage": "Tietoa palvelusta",
                "jumpToSearchForm": "Siirry hakulomakkeeseen",
                "jumpToSearchResults": "Siirry hakutuloksiin",
                "labelListTagsTitle": "Asiasanat",
                "labelPlaceholder": "Anna asiasanan nimi...",
                "lang-en": "English",
                "lang-fi": "Suomi",
                "lang-sv": "Svenska",
                "languageSwitchLabel": "Valitse sivuston kieli",
                "lastClosing": "Viimeisenä sulkeutuva",
                "lastOpen": "Viimeisenä auennut",
                "leastCommented": "Vähiten kommentoitu",
                "list": "Lista",
                "logInToAnswer": "Kirjaudu sisään äänestääksesi ja katsoaksesi tuloksia",
                "login": "Kirjaudu sisään",
                "loginToComment": "Kirjaudu sisään kommentoidaksesi.",
                "loginToContinue": "Kirjaudu sisään jatkaaksesi",
                "loginToVoteComment": "Kirjaudu sisään äänestääksesi kommenttia.",
                "logout": "Kirjaudu ulos",
                "mainSection": "Pääosio",
                "map": "Kartta",
                "mapView": "Kaikki kuulemiset kartalla",
                "mostCommented": "Eniten kommentoitu",
                "moveDown": "Siirrä alas",
                "moveUp": "Siirrä ylös",
                "multipleChoiceQuestion": "Monivalintakysymys (vastaaja voi valita useamman vaihtoehdon)",
                "multipleImages": "Voit lisätä useita kuvia klikkaamalla useampaa tiedostoa samalla kun pidät Ctrl- tai komentonäppäintä painettuna.",
                "name": "Nimi",
                "nameAndOrganization": "Nimi ja organisaatio",
                "newHearingPageTitle": "Uusi kuuleminen",
                "newMultipleChoiceQuestion": "Lisää monivalintakysymys",
                "newSingleChoiceQuestion": "Lisää yksivalintakysymys",
                "newestFirst": "Uusin ensin",
                "newestHearings": "Uusimmat kuulemiset",
                "next": "Seuraava",
                "nextClosingHearing": "Seuraavaksi sulkeutuva kuuleminen",
                "nickname": "Nimimerkki",
                "noCommenting": "Ei kommentointia",
                "noCommentsAvailable": "Ei kommentteja",
                "noHearings": "Kuulemisia ei löytynyt",
                "noProject": "Ei projektia",
                "oldestFirst": "Vanhin ensin",
                "open-hearings-on-map": "Käynnissä olevat kuulemiset kartalla",
                "openCommenting": "Avoin kommentointi",
                "openFullscreenMap": "Kartta koko näytöllä",
                "openHearings": "Avoimet kuulemiset",
                "option": "Vastausvaihtoehto",
                "orderHasBeenChanged": "Kuulemisten järjestystä muutettu",
                "organization": "Organisaatio",
                "overview-map": "Kartta",
                "partSection": "Osa-alue",
                "phase": "Hankkeen vaiheet",
                "phaseActive": "Kuuleminen kuuluu tähän vaiheeseen.",
                "phaseDescription": "Vaiheen kuvaus",
                "phaseDuration": "Vaiheen kesto",
                "phone": "Puhelinnumero",
                "pinnedComment": "Kiinnitetty julkaisu",
                "previous": "Edellinen",
                "privacyPolicy": "Rekisteriseloste",
                "project": "Hanke:",
                "projectName": "Projektin nimi",
                "projectSelection": "Jos kuuleminen kuuluu monivaiheiseen projektiin, valitse projekti tästä.",
                "publishHearing": "Hyväksy julkaistavaksi",
                "publishHearingNow": "Julkaise kuuleminen",
                "published": "Julkaistu",
                "publishedHearings": "Julkiset",
                "publishingQueue": "Julkaisujono",
                "question": "Kysymys",
                "questionOptionPlaceholder": "Vastausvaihtoehdon teksti.",
                "questionTextPlaceholder": "Kirjoita tähän kysymys, johon haluat kaupunkilaisten vastaavan.",
                "register": "Rekisteröidy",
                "registered": "rekisteröitynyt",
                "registeredStrongOnly": "Vahvasti kirjautuneet käyttäjät ",
                "registeredUsersOnly": "Vain kirjautuneet käyttäjät",
                "removeImage": "Poista kuva",
                "reply": "Vastaa",
                "revertPublishing": "Peru julkaisu",
                "save": "Tallenna",
                "saveAndPreviewHearing": "Tallenna ja tarkastele luonnosta",
                "saveFailed": "Tallentaminen epäonnistui",
                "saveHearingChanges": "Tallenna muutokset",
                "scenarioSection": "Vaihtoehto",
                "search": "Etsi",
                "searchLabels": "Hae aiheista",
                "searchPlaceholder": "Etsi...",
                "searchSubjects": "Etsi aiheista",
                "searchTitles": "Etsi otsikoista",
                "sectionAbstract": "Lyhyt johdanto",
                "sectionAbstractPlaceholder": "Kuvaa tässä pääasia lyhyesti. Näytetään alussa suuremmalla kirjasinkoolla kuin muu tekstisisältö.",
                "sectionCardSubsectionTitle": "Alaosio",
                "sectionContent": "Tekstisisältö",
                "sectionContentPlaceholder": "Varsinainen tekstisisältö, johon voit lisätä muotoiluja, linkkejä ja kuvia",
                "sectionImage": "Kuva",
                "sectionImageCaption": "Kuvateksti",
                "sectionImageHelpText": "Kuvan suosituskoko on 960 × 720. (Max. 1MB)",
                "sectionImagePlaceholder": "Selitä tai täydennä kuvaa kuvatekstillä. Mainitse kuvaajan nimi, jos tarpeellista.",
                "sectionInformationTitle": "Tiedot",
                "sectionTitle": "Osa-alueen otsikko",
                "sectionTitlePlaceholder": "Lisää osa-alueelle kuvaava otsikko.",
                "sectionTotalComment": "{n} kommentti",
                "sectionTotalComments": "{n} kommenttia",
                "selectAnotherImage": "Valitse toinen kuva",
                "selectOrDropFile": "Valitse tai pudota liite",
                "selectOrDropImage": "Valitse tai pudota kuva",
                "showMoreReplies": "Näytä vastaukset",
                "showOnlyOpen": "Näytetään vain avoimet",
                "showSubsectionBtn": "Näytä tiedot",
                "singleChoiceQuestion": "Yksivalintakysymys (vastaaja valitsee yhden vaihtoehdon)",
                "skipLinkAddButton": "Lisää hyppylinkki",
                "skipLinkFormFieldHide": "Piilota linkki",
                "skipLinkFormFieldOwnId": "Linkin oma id",
                "skipLinkFormFieldTargetId": "Linkin kohde id",
                "skipLinkFormFieldText": "Linkin teksti",
                "skipLinkModalTitle": "Hyppylinkin tiedot",
                "skipToMainContent": "Siirry pääsisältöön",
                "slugInUse": "Valitsemasi osoite oli käytössä ja siksi vaihdettiin.",
                "sort": "Järjestä",
                "submit": "Lähetä",
                "subsectionTitle": "Alaosio",
                "table-of-content": "Sisällys",
                "timeCloseFuture": "Sulkeutuu",
                "timeClosePast": "Sulkeutui",
                "timeOpenFuture": "Avautuu",
                "timeOpenPast": "Avautui",
                "timetable": "Aikajana",
                "title": "Otsikko",
                "titlePlaceholder": "Anna kuulemiselle kuvaava otsikko...",
                "toBePublishedHearing": "Kuuleminen julkaistaan",
                "totalNumHearing": "kuuleminen",
                "totalNumHearings": "kuulemista",
                "totalSubmittedComment": "Yhteensä {n} kommentti",
                "totalSubmittedComments": "Yhteensä {n} kommenttia",
                "tryToFixFormErrors": "Yritä korjata seuraavat ongelmat ja kokeile uudestaan",
                "tryingToDeletePhaseWithHearings": "Vaihetta, jossa on jo kuulemisia, ei voida poistaa.",
                "validationCantBeEmpty": "Tämä kenttä ei voi olla tyhjä",
                "validationOnlyNumbers": "Tässä kentässä voi olla vain numeroita",
                "vote": "Äänestä",
                "voteButtonLikes": "Tykkäystä",
                "voteButtonText": "Tykkää tästä kommentista",
                "voteReceived": "Ääni vastaanotettu. Kiitos!",
                "welcome": "Kerro mielipiteesi",
                "welcomeMessage": "Tule mukaan kehittämään kaupunkia ja osallistu avoimiin kuulemisiin.",
                "withOpenLicense": "avoimella lisenssillä",
                "writeComment": "Kommentti",
              },
              "now": [Function],
              "onError": [Function],
              "textComponent": "span",
              "timeZone": null,
            }
          }
          isLoading={false}
          jumpTo={false}
          language="fi"
          nicknamePlaceholder="Anonyymi"
          onPostReply={[Function]}
          onPostVote={[Function]}
          section={
            Object {
              "abstract": Object {},
              "commenting": "open",
              "content": Object {
                "fi": "<p>Edistet&auml;&auml;n kest&auml;v&auml;&auml; kaupunkikehityst&auml; tiedostaen alueiden erilaisuus ja eriytymiskehitys.</p>

<p>Keskeisimm&auml;t aluerakentamiskohteet seuraavina vuosina ovat L&auml;nsisatama, Kalasatama, Pasila, Kruunuvuorenranta, Kuninkaantammi ja Honkasuo. Tulevan asuntotuotannon n&auml;k&ouml;kulmasta suunnittelun etenemist&auml; edistet&auml;&auml;n Malmin lentokent&auml;n, Koivusaaren ja &Ouml;stersundomin alueilla. N&auml;iden alueiden osuus asuntotuotannosta on noin 60 prosenttia.</p>

<p>Asuntorakentamisesta 40 prosenttia toteutuu t&auml;ydennysrakentamisena. Tuotantotavoitteen turvaamiseksi t&auml;ydennysrakentamisen koordinaatiota vahvistetaan sek&auml; kehitet&auml;&auml;n prosesseja ja kannusteita.</p>

<p>Asuntotuotantotavoitteen toteuttamiseksi tulee huolehtia riitt&auml;v&auml;st&auml; eri puolilla kaupunkia olevasta asemakaavavarannosta sek&auml; varmistaa tonttien rakentamisedellytykset. T&auml;ydennysrakentamisalueen asemakaavoitusta ohjelmoidaan nykyist&auml; j&auml;rjestelm&auml;llisemmin.</p>

<p>Alueilla, joiden asuntokanta on yksipuolista ja uudistuotanto v&auml;h&auml;ist&auml;, uusi asuntokantaa monipuolistava t&auml;ydennysrakentaminen on t&auml;rkein tavoite.</p>

<p>Jatketaan autopaikattomien ja v&auml;h&auml;autopaikkaisten asuntokohteiden toteuttamista erityisesti hyvien joukkoliikenneyhteyksien l&auml;heisyydess&auml;.</p>",
              },
              "created_at": "2016-01-15T08:31:03.264760Z",
              "id": "asuminen-a-asuinalueiden-elinvoi",
              "images": Array [
                Object {
                  "caption": Object {
                    "fi": "Asuinalueiden elinvoimaisuus.",
                  },
                  "height": 1067,
                  "id": 24,
                  "title": Object {},
                  "url": "https://api.hel.fi/kerrokantasi-test/media/images/asuminen/section_1/main_image.png",
                  "width": 1211,
                },
              ],
              "n_comments": 59,
              "plugin_data": "",
              "plugin_fullscreen": false,
              "plugin_identifier": "",
              "plugin_iframe_url": "",
              "published": true,
              "questions": Array [],
              "title": Object {
                "fi": "A. Asuinalueiden elinvoimaisuus",
              },
              "type": "part",
              "type_name_plural": "osa-alueet",
              "type_name_singular": "osa-alue",
              "voting": "registered",
            }
          }
          totalCount={1}
        />
        <Waypoint
          bottomOffset="0px"
          debug={false}
          fireOnRapidScroll={true}
          horizontal={false}
          onEnter={[Function]}
          onLeave={[Function]}
          onPositionChange={[Function]}
          topOffset="0px"
        />
      </div>
    </div>
  </div>
</div>
`;
