// Jest Snapshot v1, https://goo.gl/fbAQLP

exports[`Hearings component should render as expected 1`] = `
<div
  className="hearings"
>
  <section
    className="page-section page-section--all-hearings-header"
  >
    <div
      className="container"
    >
      <Row
        bsClass="row"
        componentClass="div"
      >
        <Col
          bsClass="col"
          componentClass="div"
          md={10}
          mdPush={1}
        >
          <HelmetWrapper
            title="Kaikki kuulemiset"
          />
          <h1
            className="page-title"
          >
            <FormattedMessage
              id="allHearings"
              tagName="span"
              values={Object {}}
            />
          </h1>
        </Col>
      </Row>
    </div>
  </section>
  <HearingList
    handleReachBottom={[Function]}
    handleSearch={[Function]}
    handleSelectLabels={[Function]}
    handleSort={[Function]}
    hearings={
      Array [
        Object {
          "abstract": Object {
            "fi": "Tämä on suomenkielinen testiabstrakti. Sisältää huikean kuvauksen kyseisestä kuulemisesta.",
          },
          "borough": Object {},
          "close_at": "2200-11-28T22:00:00Z",
          "closed": false,
          "created_at": "2017-10-23T11:07:26.630423Z",
          "default_to_fullscreen": false,
          "geojson": null,
          "id": "rXT2L1HxEOZTERjluyxyQZ412aYM8oZE",
          "labels": Array [],
          "main_image": Object {
            "caption": Object {
              "fi": "A Wonderfull caption",
            },
            "height": 631,
            "id": 92,
            "title": Object {},
            "url": "https://api.hel.fi/kerrokantasi-test/media/images/2017/10/LzqVMrMI.jpeg",
            "width": 893,
          },
          "n_comments": 1,
          "open_at": "2017-10-22T21:00:00Z",
          "organization": "Mock Inc",
          "published": true,
          "servicemap_url": "",
          "slug": "mockHearing",
          "title": Object {
            "fi": "Mock Hearing",
          },
        },
      ]
    }
    intl={
      Object {
        "defaultFormats": Object {},
        "defaultLocale": "en",
        "formatDate": [Function],
        "formatHTMLMessage": [Function],
        "formatMessage": [Function],
        "formatNumber": [Function],
        "formatPlural": [Function],
        "formatRelative": [Function],
        "formatTime": [Function],
        "formats": Object {},
        "locale": "fi",
        "messages": Object {
          "APICallFailed": "Jokin meni pieleen. Kokeile pian uudestaan tai päivitä selain.",
          "CREATED_AT_ASC": "Vanhin ensin",
          "CREATED_AT_DESC": "Uusin ensin",
          "POPULARITY_ASC": "Vähiten suosittu ensin",
          "POPULARITY_DESC": "Suosituin ensin",
          "addComment": "Vastaa",
          "addGeojson": "Lisää geojson tiedostona",
          "addOption": "Lisää vastausvaihtoehto",
          "addProcess": "Lisää uusi vaihe",
          "addSection": "Lisää osa-alue",
          "add_images": "Lisää kuvia kommenttiisi",
          "all": "Kaikki",
          "allHearings": "Kaikki kuulemiset",
          "alreadyVoted": "Olet jo antanut äänesi tälle kommentille.",
          "anonymous": "Anonyymi",
          "asOpenData": "avoimena datana",
          "borough": "Alue",
          "cancel": "Peru",
          "characters": "merkkiä",
          "chooseTopic": "Valitse aihe",
          "choose_images": "Valitse kuvia",
          "closeHearing": "Sulje kuuleminen",
          "closedHearing": "Suljettu",
          "commentConditions": "Annetut kommentit julkaistaan {linkToDefinition} Helsingin kaupungin palvelussa {linkToLicense}. Voit jättää kommenttisi nimettömänä, jos et ole kirjautunut sisään. Lisäksi tekstejä tarvittaessa muokataan loukkaavan tai muutoin törkeän kielenkäytön osalta.",
          "commentDeleted": "Kommenttisi on poistettu.",
          "commentEdited": "Kommenttisi on muokattu. Kiitos!",
          "commentOrder": "Järjestä kommentit:",
          "commentReceived": "Kommenttisi on vastaanotettu. Kiitos!",
          "comments": "Mielipiteet",
          "commentsOnMap": "Kartta koko näytöllä",
          "commentsOutOf": "Näytetään {current}/{total} kommenttia.",
          "contactPersons": "Yhteyshenkilöt",
          "contactTitle": "Virkanimike tai tehtäväkuvaus",
          "contactTitlePlaceholder": "Anna yhteyshenkilön virkanimike tai tehtävänkuvaus...",
          "create": "Luo",
          "createContact": "Luo uusi yhteyshenkilö",
          "createHearing": "Luo uusi kuuleminen",
          "createLabel": "Luo uusi asiasana",
          "defaultClosureInfo": "Tämä kuuleminen on sulkeutunut. Mielipiteiden antaminen ja kannattaminen ei enää ole mahdollista.",
          "defaultProject": "Lisää uusi projekti",
          "delete": "Poista",
          "deleteComment": "Poista kommentti",
          "deleteConfirmation": "Oletko varma, että haluat poistaa kommentin?",
          "deleteDraft": "Poista luonnos",
          "deleteQuestion": "Poista kysymys",
          "deleteSection": "Poista osio",
          "downloadReport": "Lataa yhteenveto kommenteista Excel-muodossa",
          "draft": "Luonnos",
          "draftDeleted": "Luonnos poistettiin onnistuneesti",
          "draftNotPublished": "Luonnos, ei julkaistu",
          "drafts": "Luonnokset",
          "edit": "Muokkaa",
          "editContact": "Muokkaa yhteystietoa",
          "editHearing": "Muokkaa",
          "email": "Sähköposti",
          "eyeTooltip": "Tätä kuulemista ei ole julkaistu eikä se ole julkisesti nähtävissä.",
          "eyeTooltipOpens": "Tämä kuuleminen julkaistaan",
          "eyeTooltipOpensDays": "päivän kuluttua. Se ei ole vielä julkisesti nähtävissä.",
          "eyeTooltipOpensHours": "tunnin kuluttua. Se ei ole vielä julkisesti nähtävissä.",
          "feedbackPrompt": "Kerro meille, miten tätä palvelua pitäisi kehittää!",
          "firstClosing": "Ensimmäisenä sulkeutuva",
          "firstOpen": "Ensimmäisenä auennut",
          "follow": "Seuraa",
          "followingHearing": "Seuraat kuulemista.",
          "furtherInformation": "Lisätietoja",
          "hearing": "Kuuleminen",
          "hearingAbstract": "Lyhyt johdanto",
          "hearingArea": "Jos kuuleminen ei koske koko kaupunkia, piirrä kuulemisen tarkka alue kartalle",
          "hearingChangesSaved": "Muutokset tallennettu",
          "hearingClosed": "Sulkeutunut",
          "hearingClosingTime": "Sulkeutumisaika",
          "hearingClosingTimePlaceholder": "Valitse...",
          "hearingClosureInfo": "Sulkeutumistiedote",
          "hearingCommenting": "Kommentointi",
          "hearingContacts": "Yhteyshenkilöt",
          "hearingContactsPlaceholder": "Valitse kuulemisen yhteyshenkilöt",
          "hearingFormHeaderStep1": "1. Kuulemisen perustiedot",
          "hearingFormHeaderStep2": "2. Sisältö",
          "hearingFormHeaderStep3": "3. Kartta",
          "hearingFormHeaderStep4": "4. Julkaisutiedot",
          "hearingFormHeaderStep5": "5. Hankkeen vaiheet",
          "hearingFormNext": "Jatka",
          "hearingImage": "Kuulemisen kuva",
          "hearingLabels": "Asiasanat",
          "hearingLabelsPlaceholder": "Valitse kuulemiselle sopivat asiasanat",
          "hearingLanguages": "Kuulemisen tiedot syötetään",
          "hearingMainContent": "Kuulemisen esittelyteksti",
          "hearingMap": "Kuulemiset kartalla",
          "hearingMapHeaderDescription": "Näe kuulemiset kartalla",
          "hearingMapHeaderText": "Kartta",
          "hearingNotFound": "Hakemaasi kuulemista ei löytynyt.",
          "hearingOpeningTime": "Avautumisaika",
          "hearingOpeningTimePlaceholder": "Valitse...",
          "hearingSavingFailed": "Tallentaminen epäonnistui",
          "hearingSlug": "Kuulemisen osoite (täytä osoitteen loppuosa)",
          "hearingSlugPlaceholder": "esimerkki-osoite",
          "hearingTranslationNotAvailable": "Tätä kuulemista ei ole julkaistu suomeksi",
          "hearings": "Kuulemiset",
          "hearingsHeaderDescription": "Antamalla kommenttisi voit vaikuttaa käsiteltävinä olevien asioiden valmisteluun",
          "hearingsHeaderText": "Kuulemiset",
          "help": "Ohjeet",
          "imageSizeError": "Kuva liian suuri, maksimikoko 1MB.",
          "image_too_big": "Kuva liian suuri, kuvan suurin sallitu koko on 1MB",
          "inLanguage-en": "englanniksi",
          "inLanguage-fi": "suomeksi",
          "inLanguage-sv": "ruotsiksi",
          "infoHeaderDescription": "Tämä on palvelun väliaikainen prototyyppi, josta toivomme käyttäjien kommentteja",
          "infoHeaderText": "Tietoa palvelusta",
          "infoPage": "Tietoa palvelusta",
          "labelPlaceholder": "Anna asiasanan nimi...",
          "lang-en": "English",
          "lang-fi": "Suomi",
          "lang-sv": "Svenska",
          "lastClosing": "Viimeisenä sulkeutuva",
          "lastOpen": "Viimeisenä auennut",
          "leastCommented": "Vähiten kommentoitu",
          "list": "Lista",
          "logInToAnswer": "Kirjaudu sisään äänestääksesi ja katsoaksesi tuloksia",
          "login": "Kirjaudu sisään",
          "loginToComment": "Kirjaudu sisään kommentoidaksesi.",
          "loginToContinue": "Kirjaudu sisään jatkaaksesi",
          "loginToVoteComment": "Kirjaudu sisään äänestääksesi kommenttia.",
          "logout": "Kirjaudu ulos",
          "mainSection": "Pääosio",
          "map": "Kartta",
          "mapView": "Kaikki kuulemiset kartalla",
          "mostCommented": "Eniten kommentoitu",
          "moveDown": "Siirrä alas",
          "moveUp": "Siirrä ylös",
          "multipleChoiceQuestion": "Monivalintakysymys (vastaaja voi valita useamman vaihtoehdon)",
          "multipleImages": "Voit lisätä useita kuvia klikkaamalla useampaa tiedostoa samalla kun pidät Ctrl- tai komentonäppäintä painettuna.",
          "name": "Nimi",
          "newHearingPageTitle": "Uusi kuuleminen",
          "newMultipleChoiceQuestion": "Lisää monivalintakysymys",
          "newSingleChoiceQuestion": "Lisää yksivalintakysymys",
          "newestFirst": "Uusin ensin",
          "newestHearings": "Uusimmat kuulemiset",
          "next": "Seuraava",
          "nextClosingHearing": "Seuraavaksi sulkeutuva kuuleminen",
          "nickname": "Nimimerkki",
          "noCommenting": "Ei kommentointia",
          "noCommentsAvailable": "Ei kommentteja",
          "noHearings": "Kuulemisia ei löytynyt",
          "noProject": "Ei projektia",
          "oldestFirst": "Vanhin ensin",
          "open-hearings-on-map": "Käynnissä olevat kuulemiset kartalla",
          "openCommenting": "Avoin kommentointi",
          "openFullscreenMap": "Kartta koko näytöllä",
          "openHearings": "Avoimet kuulemiset",
          "option": "Vastausvaihtoehto",
          "overview-map": "Kartta",
          "partSection": "Osa-alue",
          "phase": "Vaihe",
          "phaseActive": "Kuuleminen kuuluu tähän vaiheeseen.",
          "phaseDescription": "Vaiheen kuvaus",
          "phaseDuration": "Vaiheen kesto",
          "phone": "Puhelinnumero",
          "previous": "Edellinen",
          "privacyPolicy": "Rekisteriseloste",
          "project": "Hanke:",
          "projectName": "Projektin nimi",
          "projectSelection": "Jos kuuleminen kuuluu monivaiheiseen projektiin, valitse projekti tästä.",
          "publishHearing": "Hyväksy julkaistavaksi",
          "publishHearingNow": "Julkaise kuuleminen",
          "published": "Julkaistu",
          "publishedHearings": "Julkiset",
          "publishingQueue": "Julkaisujono",
          "question": "Kysymys",
          "questionOptionPlaceholder": "Vastausvaihtoehdon teksti.",
          "questionTextPlaceholder": "Kirjoita tähän kysymys, johon haluat kaupunkilaisten vastaavan.",
          "register": "Rekisteröidy",
          "registered": "rekisteröitynyt",
          "registeredUsersOnly": "Vain kirjautuneet käyttäjät",
          "removeImage": "Poista kuva",
          "revertPublishing": "Peru julkaisu",
          "save": "Tallenna",
          "saveAndPreviewHearing": "Tallenna ja tarkastele luonnosta",
          "saveFailed": "Tallentaminen epäonnistui",
          "saveHearingChanges": "Tallenna muutokset",
          "scenarioSection": "Vaihtoehto",
          "search": "Etsi",
          "searchLabels": "Hae aiheista",
          "searchPlaceholder": "Etsi...",
          "searchSubjects": "Etsi aiheista",
          "searchTitles": "Etsi otsikoista",
          "sectionAbstract": "Lyhyt johdanto",
          "sectionAbstractPlaceholder": "Kuvaa tässä pääasia lyhyesti. Näytetään alussa suuremmalla kirjasinkoolla kuin muu tekstisisältö.",
          "sectionContent": "Tekstisisältö",
          "sectionContentPlaceholder": "Varsinainen tekstisisältö, johon voit lisätä muotoiluja, linkkejä ja kuvia",
          "sectionImage": "Kuva",
          "sectionImageCaption": "Kuvateksti",
          "sectionImageHelpText": "Kuvan suosituskoko on 960 × 720. (Max. 1MB)",
          "sectionImagePlaceholder": "Selitä tai täydennä kuvaa kuvatekstillä. Mainitse kuvaajan nimi, jos tarpeellista.",
          "sectionTitle": "Osa-alueen otsikko",
          "sectionTitlePlaceholder": "Lisää osa-alueelle kuvaava otsikko.",
          "selectAnotherImage": "Valitse toinen kuva",
          "selectOrDropImage": "Valitse tai pudota kuva",
          "showOnlyOpen": "Näytetään vain avoimet",
          "singleChoiceQuestion": "Yksivalintakysymys (vastaaja valitsee yhden vaihtoehdon)",
          "slugInUse": "Valitsemasi osoite oli käytössä ja siksi vaihdettiin.",
          "sort": "Järjestä",
          "submit": "Lähetä",
          "table-of-content": "Sisällys",
          "timeCloseFuture": "Sulkeutuu",
          "timeClosePast": "Sulkeutui",
          "timeOpenFuture": "Avautuu",
          "timeOpenPast": "Avautui",
          "timetable": "Aikajana",
          "title": "Otsikko",
          "titlePlaceholder": "Anna kuulemiselle kuvaava otsikko...",
          "toBePublishedHearing": "Kuuleminen julkaistaan",
          "totalSubmittedComment": "Yhteensä {n} kommentti",
          "totalSubmittedComments": "Yhteensä {n} kommenttia",
          "tryToFixFormErrors": "Yritä korjata seuraavat ongelmat ja kokeile uudestaan",
          "tryingToDeletePhaseWithHearings": "Vaihetta, jossa on jo kuulemisia, ei voida poistaa.",
          "vote": "Äänestä",
          "voteReceived": "Ääni vastaanotettu. Kiitos!",
          "welcome": "Kerro mielipiteesi",
          "welcomeMessage": "Tule mukaan kehittämään kaupunkia ja osallistu avoimiin kuulemisiin.",
          "withOpenLicense": "avoimella lisenssillä",
          "writeComment": "Kommentti",
        },
        "now": [Function],
      }
    }
    isLoading={true}
    labels={
      Array [
        Object {
          "id": 1,
          "label": Object {
            "fi": "Mock Von Label",
          },
        },
        Object {
          "id": 2,
          "label": Object {
            "fi": "Mock Don Label",
          },
        },
      ]
    }
    onTabChange={[Function]}
    selectedLabels={Array []}
    showOnlyOpen={false}
    tab="list"
    toggleShowOnlyOpen={[Function]}
  />
</div>
`;
