// Jest Snapshot v1, https://goo.gl/fbAQLP

exports[`HearingCardList component should render as expected 1`] = `
<div
  className="hearing-card-list row"
>
  <Col
    bsClass="col"
    componentClass="div"
    key="rXT2L1HxEOZTERjluyxyQZ412aYM8oZE"
    md={3}
    xs={12}
  >
    <withRouter(HearingCard)
      className=""
      hearing={
        Object {
          "abstract": Object {
            "fi": "Tämä on suomenkielinen testiabstrakti. Sisältää huikean kuvauksen kyseisestä kuulemisesta.",
          },
          "borough": Object {},
          "close_at": "2200-11-28T22:00:00Z",
          "closed": false,
          "created_at": "2017-10-23T11:07:26.630423Z",
          "default_to_fullscreen": false,
          "geojson": null,
          "id": "rXT2L1HxEOZTERjluyxyQZ412aYM8oZE",
          "labels": Array [],
          "main_image": Object {
            "caption": Object {
              "fi": "A Wonderfull caption",
            },
            "height": 631,
            "id": 92,
            "title": Object {},
            "url": "https://api.hel.fi/kerrokantasi-test/media/images/2017/10/LzqVMrMI.jpeg",
            "width": 893,
          },
          "n_comments": 1,
          "open_at": "2017-10-22T21:00:00Z",
          "organization": "Mock Inc",
          "published": true,
          "servicemap_url": "",
          "slug": "mockHearing",
          "title": Object {
            "fi": "Mock Hearing",
          },
        }
      }
      intl={
        Object {
          "defaultFormats": Object {},
          "defaultLocale": "en",
          "formatDate": [Function],
          "formatHTMLMessage": [Function],
          "formatMessage": [Function],
          "formatNumber": [Function],
          "formatPlural": [Function],
          "formatRelative": [Function],
          "formatTime": [Function],
          "formats": Object {},
          "formatters": Object {
            "getDateTimeFormat": [Function],
            "getMessageFormat": [Function],
            "getNumberFormat": [Function],
            "getPluralFormat": [Function],
            "getRelativeFormat": [Function],
          },
          "locale": "fi",
          "messages": Object {
            "APICallFailed": "Jokin meni pieleen. Kokeile pian uudestaan tai päivitä selain.",
            "CREATED_AT_ASC": "Vanhin ensin",
            "CREATED_AT_DESC": "Uusin ensin",
            "POPULARITY_ASC": "Vähiten suosittu ensin",
            "POPULARITY_DESC": "Suosituin ensin",
            "accessibilityLink": "Saavutettavuusseloste",
            "accessibilityPage": "Saavutettavuusseloste",
            "addComment": "Kirjoita kommentti",
            "addFavorites": "Lisää suosikkeihin",
            "addGeojson": "Lisää geojson tiedostona",
            "addGeojsonInfo": "Huomaa että GeoJSON-formaatissa käytetään wgs84-koordinaatistoa. Tallenna tiedostoon vain yksi aluerajaus.",
            "addOption": "Lisää vastausvaihtoehto",
            "addProcess": "Lisää uusi vaihe",
            "addSection": "Lisää osa-alue",
            "add_images": "Lisää kuvia kommenttiisi",
            "addedFavorites": "Kuuleminen lisätty suosikkeihin.",
            "adminCommentMessage": "Olet kirjautuneena pääkäyttäjänä. Nimesi ja organisaatiosi näytetään kommenttisi yhteydessä",
            "all": "Kaikki",
            "allHearings": "Kaikki kuulemiset",
            "alreadyFavorite": "Kuuleminen kuuluu ennestään suosikkeihin.",
            "alreadyVoted": "Olet jo antanut äänesi tälle kommentille.",
            "anonymous": "Anonyymi",
            "asOpenData": "avoimena datana",
            "attachmentName": "liitteen nimi (näkyy osion sivulla)",
            "attachments": "Liitteet",
            "backToHearingMain": "Takaisin kuulemisen etusivulle",
            "borough": "Alue",
            "cancel": "Peru",
            "characters": "merkkiä",
            "chooseTopic": "Valitse aihe",
            "choose_images": "Valitse kuvia",
            "closeHearing": "Sulje kuuleminen",
            "closedCount": "Sulkeutuneet ({n})",
            "closedHearing": "Suljettu",
            "commentConditions": "Annetut kommentit julkaistaan {linkToDefinition} palvelussa {linkToLicense}. Tekstejä voidaan muokata loukkaavan tai muutoin törkeän kielenkäytön osalta.",
            "commentDeleted": "Kommentti on poistettu.",
            "commentEdited": "Kommenttia on muokattu. Kiitos!",
            "commentHearingStatus": "Kuulemisen tila: ",
            "commentImageAlt": "Kommentoijan lisäämä kuva",
            "commentMapAdditionalInfo": "Lisätietoja karttaan liittyen (esim. osoite)",
            "commentMapInstructions": "Voit merkitä ehdotuksesi valitsemalla merkintätavan ja sen jälkeen merkitsemällä alueen. Voit poistaa merkintäsi napsauttamalla roskakoria ja sitten 'Tyhjennä kaikki'.",
            "commentMapTitle": "Merkitse ehdotuksesi kartalle",
            "commentOrder": "Järjestä kommentit:",
            "commentReceived": "Kommenttisi on vastaanotettu. Kiitos!",
            "commentRegisteredUsersOnly": "Kirjaudu sisään kommentoidaksesi.",
            "commentShowMap": "Karttamerkintä lisätty. Näytä kartta",
            "commentStrongRegisteredUsersOnly": "Kirjaudu sisään Suomi.fi-tunnistuksella kommentoidaksesi.",
            "commentSubsectionBtn": "Kommentoi",
            "comments": "Mielipiteet",
            "commentsOnMap": "Kartta koko näytöllä",
            "commentsOutOf": "Näytetään {current}/{total} kommenttia.",
            "contactPersons": "Yhteyshenkilöt",
            "contactTitle": "Virkanimike tai tehtäväkuvaus",
            "contactTitlePlaceholder": "Anna yhteyshenkilön virkanimike tai tehtävänkuvaus...",
            "contrastTitle": "Kontrasti",
            "copyrightText": "Kerrokantasi",
            "create": "Luo",
            "createContact": "Luo uusi yhteyshenkilö",
            "createHearing": "Luo uusi kuuleminen",
            "createLabel": "Luo uusi asiasana",
            "defaultClosureInfo": "Tämä kuuleminen on sulkeutunut. Mielipiteiden antaminen ja kannattaminen ei enää ole mahdollista.",
            "defaultProject": "Lisää uusi projekti",
            "delete": "Poista",
            "deleteAttachment": "Poista liite",
            "deleteComment": "Poista kommentti",
            "deleteConfirmation": "Oletko varma, että haluat poistaa kommentin?",
            "deleteDraft": "Poista luonnos",
            "deleteQuestion": "Poista kysymys",
            "deleteSection": "Poista osio",
            "descriptionTag": "Kerro mielipiteesi. Tule mukaan kehittämään kaupunkia ja osallistu avoimiin kuulemisiin.",
            "disabledLink": "Epäaktiivinen linkki",
            "downloadReport": "Lataa yhteenveto kommenteista Excel-muodossa",
            "draft": "Luonnos",
            "draftCount": "Luonnokset ({n})",
            "draftDeleted": "Luonnos poistettiin onnistuneesti",
            "draftNotPublished": "Luonnos, ei julkaistu",
            "drafts": "Luonnokset",
            "edit": "Muokkaa",
            "editContact": "Muokkaa yhteystietoa",
            "editHearing": "Muokkaa",
            "email": "Sähköposti",
            "employee": "Työntekijä",
            "errorSaveBeforeAttachment": "Tallenna ensin ja palaa sitten lisäämään liitteet",
            "eyeTooltip": "Tätä kuulemista ei ole julkaistu eikä se ole julkisesti nähtävissä.",
            "eyeTooltipOpens": "Tämä kuuleminen julkaistaan",
            "eyeTooltipOpensDays": "päivän kuluttua. Se ei ole vielä julkisesti nähtävissä.",
            "eyeTooltipOpensHours": "tunnin kuluttua. Se ei ole vielä julkisesti nähtävissä.",
            "favoriteHearings": "Suosikkikuulemiset",
            "feedbackLinkText": "Palaute",
            "feedbackPrompt": "Kerro meille sähköpostitse, miten tätä palvelua pitäisi kehittää!",
            "fileSizeError": "Liitetiedosto on liian suuri. Maksimikoko on noin {n} megatavua.",
            "firstClosing": "Ensimmäisenä sulkeutuva",
            "firstOpen": "Ensimmäisenä auennut",
            "follow": "Seuraa",
            "followingHearing": "Seuraat kuulemista.",
            "footerCityLink": "www.example.com",
            "footerLogoAlt": "Kerrokantasi logo",
            "formButtonAcceptAndAdd": "Hyväksy ja lisää",
            "formCheckErrors": "Korjaa lomakkeen virheet ensin",
            "fullscreenHeaderLogoAlt": "Kerrokantasi logo",
            "furtherInformation": "Lisätietoja",
            "generalNo": "Ei",
            "generalYes": "Kyllä",
            "headerLogoAlt": "Kerrokantasi logo",
            "headerPagesNavLabel": "Sivuvalikko",
            "headerUserNavLabel": "Käyttäjävalikko",
            "headerWriteCommentLink": "Kirjoita kommentti",
            "hearing": "Kuuleminen",
            "hearingAbstract": "Lyhyt johdanto",
            "hearingArea": "Jos kuuleminen ei koske koko kaupunkia, piirrä kuulemisen tarkka alue kartalle",
            "hearingAvailable-en": "Hearing available",
            "hearingAvailable-fi": "Kuuleminen saatavilla",
            "hearingAvailable-sv": "Hörandet tillgängligt",
            "hearingAvailableInLang-en": "in English",
            "hearingAvailableInLang-fi": "suomeksi",
            "hearingAvailableInLang-sv": "på svenska",
            "hearingCardComment": "Kommentti",
            "hearingCardComments": "Kommenttia",
            "hearingCardFullWidthComment": "Kommentti",
            "hearingCardFullWidthComments": "Kommenttia",
            "hearingChangesSaved": "Muutokset tallennettu",
            "hearingClosed": "Sulkeutunut",
            "hearingClosingTime": "Sulkeutumisaika",
            "hearingClosingTimePlaceholder": "Valitse...",
            "hearingClosureInfo": "Sulkeutumistiedote",
            "hearingCommenting": "Kommentointi",
            "hearingCommentingMap": "Karttamerkintä kommentoinnissa",
            "hearingCommentingMapChoice1": "Ei käytössä",
            "hearingCommentingMapChoice2": "Piste merkintä",
            "hearingCommentingMapChoice3": "Piste, neliö ja monikulmio merkinnät valittavissa",
            "hearingContacts": "Yhteyshenkilöt",
            "hearingContactsPlaceholder": "Valitse kuulemisen yhteyshenkilöt",
            "hearingFileUpload": "Osion liitteet",
            "hearingFormHeaderContainsErrors": " - sisältää virheitä",
            "hearingFormHeaderStep1": "1. Kuulemisen perustiedot",
            "hearingFormHeaderStep2": "2. Sisältö",
            "hearingFormHeaderStep3": "3. Kartta",
            "hearingFormHeaderStep4": "4. Julkaisutiedot",
            "hearingFormHeaderStep5": "5. Hankkeen vaiheet",
            "hearingFormNext": "Jatka",
            "hearingImage": "Kuulemisen kuva",
            "hearingLabels": "Asiasanat",
            "hearingLabelsPlaceholder": "Valitse kuulemiselle sopivat asiasanat",
            "hearingLanguages": "Kuulemisen tiedot syötetään",
            "hearingListComment": "Kommentti",
            "hearingListComments": "Kommenttia",
            "hearingListNotPublished": "Julkaisematon kuuleminen,",
            "hearingMainContent": "Kuulemisen esittelyteksti",
            "hearingMap": "Kuulemiset kartalla",
            "hearingMapHeaderDescription": "Näe kuulemiset kartalla",
            "hearingMapHeaderText": "Kartta",
            "hearingNotFound": "Hakemaasi kuulemista ei löytynyt.",
            "hearingOnlyAvailableIn": "Kuuleminen saatavilla vain",
            "hearingOnlyAvailableInLang-en": "englanniksi",
            "hearingOnlyAvailableInLang-fi": "suomeksi",
            "hearingOnlyAvailableInLang-sv": "ruotsiksi",
            "hearingOpeningTime": "Avautumisaika",
            "hearingOpeningTimePlaceholder": "Valitse...",
            "hearingPreviewLink": "Kopioi linkki",
            "hearingPreviewLinkFailed": "Linkin kopioiminen epäonnistui.",
            "hearingPreviewLinkSuccess": "Linkki kopioitu leikepöydälle.",
            "hearingPreviewLinkTooltip": "Kopioi esikatselulinkki leikepöydälle.",
            "hearingSavingFailed": "Tallentaminen epäonnistui",
            "hearingSlug": "Kuulemisen osoite (täytä osoitteen loppuosa)",
            "hearingSlugPlaceholder": "esimerkki-osoite",
            "hearingSubsectionsTitle": "Alaosiot",
            "hearingTranslationNotAvailable": "Tätä kuulemista ei ole julkaistu suomeksi",
            "hearings": "Kuulemiset",
            "hearingsHeaderDescription": "Antamalla kommenttisi voit vaikuttaa käsiteltävinä olevien asioiden valmisteluun",
            "hearingsHeaderText": "Kuulemiset",
            "help": "Ohjeet",
            "hideName": "Piilota nimi",
            "iframeAddButton": "Lisää iframe",
            "iframeFormFieldAllow": "Tietoturva yms. lisäasetukset (allow)",
            "iframeFormFieldHeight": "Korkeus pikseleinä (height)",
            "iframeFormFieldScrolling": "Vierityspalkki (scrolling)",
            "iframeFormFieldSrc": "Lähde (src)",
            "iframeFormFieldTitle": "Otsikko (title)",
            "iframeFormFieldWidth": "Leveys pikseleinä (width)",
            "iframeHtmlCopyPaste": "Iframe leikkaa ja liitä html",
            "iframeModalTitle": "Iframe tiedot",
            "imageAddButton": "Lisää kuva",
            "imageAddCaptionButton": "Lisää kuvateksti",
            "imageModalTitle": "Kuvan tiedot",
            "imageSizeError": "Kuva on liian suuri. Maksimikoko on 1 megatavu.",
            "inLanguage-en": "englanniksi",
            "inLanguage-fi": "suomeksi",
            "inLanguage-sv": "ruotsiksi",
            "infoHeaderDescription": "Tämä on palvelun väliaikainen prototyyppi, josta toivomme käyttäjien kommentteja",
            "infoHeaderText": "Tietoa palvelusta",
            "infoPage": "Tietoa palvelusta",
            "jumpToSearchForm": "Siirry hakulomakkeeseen",
            "jumpToSearchResults": "Siirry hakutuloksiin",
            "labelListTagsTitle": "Asiasanat",
            "labelPlaceholder": "Anna asiasanan nimi...",
            "lang-en": "English",
            "lang-fi": "Suomi",
            "lang-sv": "Svenska",
            "languageSwitchLabel": "Valitse sivuston kieli",
            "lastClosing": "Viimeisenä sulkeutuva",
            "lastOpen": "Viimeisenä auennut",
            "leastCommented": "Vähiten kommentoitu",
            "list": "Lista",
            "logInToAnswer": "Kirjaudu sisään äänestääksesi ja katsoaksesi tuloksia",
            "login": "Kirjaudu sisään",
            "loginAttemptFailed": "Kirjautuminen epäonnistui. Yritä hetken päästä uudelleen.",
            "loginToComment": "Kirjaudu sisään kommentoidaksesi.",
            "loginToContinue": "Kirjaudu sisään jatkaaksesi",
            "loginToVoteComment": "Kirjaudu sisään äänestääksesi kommenttia.",
            "logout": "Kirjaudu ulos",
            "mainMenu": "Päävalikko",
            "mainSection": "Pääosio",
            "map": "Kartta",
            "mapView": "Kaikki kuulemiset kartalla",
            "mostCommented": "Eniten kommentoitu",
            "moveDown": "Siirrä alas",
            "moveUp": "Siirrä ylös",
            "multipleChoiceQuestion": "Monivalintakysymys (vastaaja voi valita useamman vaihtoehdon)",
            "multipleImages": "Voit lisätä useita kuvia klikkaamalla useampaa tiedostoa samalla kun pidät Ctrl- tai komentonäppäintä painettuna.",
            "name": "Nimi",
            "nameAndOrganization": "Nimi ja organisaatio",
            "newHearingPageTitle": "Uusi kuuleminen",
            "newMultipleChoiceQuestion": "Lisää monivalintakysymys",
            "newSingleChoiceQuestion": "Lisää yksivalintakysymys",
            "newestFirst": "Uusin ensin",
            "newestHearings": "Uusimmat kuulemiset",
            "next": "Seuraava",
            "nextClosingHearing": "Seuraavaksi sulkeutuva kuuleminen",
            "nickname": "Nimimerkki",
            "noAddedComments": "Ei lisättyjä kommentteja",
            "noCommenting": "Ei kommentointia",
            "noCommentsAvailable": "Ei kommentteja",
            "noFavoriteHearings": "Ei lisättyjä suosikkeja",
            "noHearings": "Kuulemisia ei löytynyt",
            "noProject": "Ei projektia",
            "oldestFirst": "Vanhin ensin",
            "open-hearings-on-map": "Käynnissä olevat kuulemiset kartalla",
            "openCommenting": "Avoin kommentointi",
            "openCount": "Avoimet ({n})",
            "openFullscreenMap": "Kartta koko näytöllä",
            "openHearing": "Avoin",
            "openHearings": "Avoimet kuulemiset",
            "option": "Vastausvaihtoehto",
            "orderHasBeenChanged": "Kuulemisten järjestystä muutettu",
            "organization": "Organisaatio",
            "organizationHearings": "Organisaation kuulemiset",
            "overview-map": "Kartta",
            "ownHearings": "Omat kuulemiset",
            "partSection": "Osa-alue",
            "phase": "Hankkeen vaiheet",
            "phaseActive": "Kuuleminen kuuluu tähän vaiheeseen.",
            "phaseDescription": "Vaiheen kuvaus",
            "phaseDuration": "Vaiheen kesto",
            "phone": "Puhelinnumero",
            "pinnedComment": "Kiinnitetty julkaisu",
            "previous": "Edellinen",
            "privacyPolicy": "Rekisteriseloste",
            "project": "Hanke:",
            "projectName": "Projektin nimi",
            "projectSelection": "Jos kuuleminen kuuluu monivaiheiseen projektiin, valitse projekti tästä.",
            "publishHearing": "Hyväksy julkaistavaksi",
            "publishHearingNow": "Julkaise kuuleminen",
            "published": "Julkaistu",
            "publishedHearings": "Julkiset",
            "publishingQueue": "Julkaisujono",
            "question": "Kysymys",
            "questionOptionPlaceholder": "Vastausvaihtoehdon teksti.",
            "questionTextPlaceholder": "Kirjoita tähän kysymys, johon haluat kaupunkilaisten vastaavan.",
            "queueCount": "Julkaisua odottavat ({n})",
            "register": "Rekisteröidy",
            "registered": "rekisteröitynyt",
            "registeredStrongOnly": "Vahvasti kirjautuneet käyttäjät ",
            "registeredUsersOnly": "Vain kirjautuneet käyttäjät",
            "removeFavoriteNotFound": "Poistettavaa kuulemista ei löydy suosikeista.",
            "removeFavorites": "Poista suosikeista",
            "removeImage": "Poista kuva",
            "removedFavorite": "Kuuleminen poistettu suosikeista.",
            "reply": "Vastaa",
            "revertPublishing": "Peru julkaisu",
            "save": "Tallenna",
            "saveAndPreviewHearing": "Tallenna ja tarkastele luonnosta",
            "saveFailed": "Tallentaminen epäonnistui",
            "saveHearingChanges": "Tallenna muutokset",
            "scenarioSection": "Vaihtoehto",
            "search": "Etsi",
            "searchLabels": "Hae aiheista",
            "searchPlaceholder": "Etsi...",
            "searchSubjects": "Etsi aiheista",
            "searchTitles": "Etsi otsikoista",
            "sectionAbstract": "Lyhyt johdanto",
            "sectionAbstractPlaceholder": "Kuvaa tässä pääasia lyhyesti. Näytetään alussa suuremmalla kirjasinkoolla kuin muu tekstisisältö.",
            "sectionCardSubsectionTitle": "Alaosio",
            "sectionContent": "Tekstisisältö",
            "sectionContentPlaceholder": "Varsinainen tekstisisältö, johon voit lisätä muotoiluja, linkkejä ja kuvia",
            "sectionImage": "Kuva",
            "sectionImageCaption": "Kuvateksti",
            "sectionImageHelpText": "Kuvan suosituskoko on 960 × 720. (Max. 1MB)",
            "sectionImagePlaceholder": "Selitä tai täydennä kuvaa kuvatekstillä. Mainitse kuvaajan nimi, jos tarpeellista.",
            "sectionInformationTitle": "Tiedot",
            "sectionTitle": "Osa-alueen otsikko",
            "sectionTitlePlaceholder": "Lisää osa-alueelle kuvaava otsikko.",
            "sectionTotalComment": "{n} kommentti",
            "sectionTotalComments": "{n} kommenttia",
            "selectAnotherImage": "Valitse toinen kuva",
            "selectHearingComments": "Valitse tietyn kuulemisen kommentit",
            "selectOrDropFile": "Valitse tai pudota liite",
            "selectOrDropImage": "Valitse tai pudota kuva",
            "show": "Näytä",
            "showAll": "Näytä kaikki ({n})",
            "showMoreReplies": "Näytä vastaukset",
            "showOnlyOpen": "Näytetään vain avoimet",
            "showSubsectionBtn": "Näytä tiedot",
            "singleChoiceQuestion": "Yksivalintakysymys (vastaaja valitsee yhden vaihtoehdon)",
            "skipLinkAddButton": "Lisää hyppylinkki",
            "skipLinkFormFieldHide": "Piilota linkki",
            "skipLinkFormFieldOwnId": "Linkin oma id",
            "skipLinkFormFieldTargetId": "Linkin kohde id",
            "skipLinkFormFieldText": "Linkin teksti",
            "skipLinkModalTitle": "Hyppylinkin tiedot",
            "skipToMainContent": "Siirry pääsisältöön",
            "slugInUse": "Valitsemasi osoite oli käytössä ja siksi vaihdettiin.",
            "sort": "Järjestä",
            "submit": "Lähetä",
            "subsectionTitle": "Alaosio",
            "table-of-content": "Sisällys",
            "timeCloseFuture": "Sulkeutuu",
            "timeCloseFutureWithValues": "Sulkeutuu {date} klo {time}",
            "timeClosePast": "Sulkeutui",
            "timeClosePastWithValues": "Sulkeutui {date} klo {time}",
            "timeOpenFuture": "Avautuu",
            "timeOpenPast": "Avautui",
            "timetable": "Aikajana",
            "title": "Otsikko",
            "titlePlaceholder": "Anna kuulemiselle kuvaava otsikko...",
            "toBePublishedHearing": "Kuuleminen julkaistaan",
            "toolbar": "Työkalupalkki",
            "totalNumHearing": "{n} kuuleminen",
            "totalNumHearings": "{n} kuulemista",
            "totalQuestionVotes": "Ääniä yhteensä: {n}",
            "totalSubmittedComment": "Yhteensä {n} kommentti",
            "totalSubmittedComments": "Yhteensä {n} kommenttia",
            "tryToFixFormErrors": "Yritä korjata seuraavat ongelmat ja kokeile uudestaan",
            "tryingToDeletePhaseWithHearings": "Vaihetta, jossa on jo kuulemisia, ei voida poistaa.",
            "unpublishedAttachments": "Huom! Liitteet eivät ole ladattavissa, jos kuuleminen ei ole julkaistu.",
            "userAddedComments": "Lisäämäni kommentit ({n} kpl)",
            "userInfo": "Omat tiedot",
            "validationCantBeEmpty": "Tämä kenttä ei voi olla tyhjä",
            "validationHearingCloseAt": "Aseta sulkeutumisaika ennen tallentamista.",
            "validationHearingContactPersons": "Aseta ainakin yksi yhteyshenkilö.",
            "validationHearingLabels": "Aseta ainakin yksi asiasana.",
            "validationHearingOpenAt": "Aseta avautumisaika ennen tallentamista.",
            "validationHearingProjectPhaseActive": "Projektit tarvitsevat ainakin yhden aktiivisen vaiheen.",
            "validationHearingProjectPhaseTitle": "Aseta vaiheen otsikko ennen tallennusta.",
            "validationHearingProjectTitle": "Aseta projektin nimi ennen tallennusta.",
            "validationHearingSlug": "Aseta osoite ennen tallentamista.",
            "validationHearingTitle": "Aseta otsikko ennen tallentamista.",
            "validationNotification": "Lomake sisältää virheitä, tarkista virheet ja kokeile uudestaan.",
            "validationOnlyNumbers": "Tässä kentässä voi olla vain numeroita",
            "vote": "Äänestä",
            "voteButtonLikes": "Tykkäystä",
            "voteButtonText": "Tykkää tästä kommentista",
            "voteReceived": "Ääni vastaanotettu. Kiitos!",
            "welcome": "Kerro mielipiteesi",
            "welcomeMessage": "Tule mukaan kehittämään kaupunkia ja osallistu avoimiin kuulemisiin.",
            "withOpenLicense": "avoimella lisenssillä",
            "writeComment": "Kommentti",
          },
          "now": [Function],
          "onError": [Function],
          "textComponent": "span",
          "timeZone": null,
        }
      }
      showCommentCount={true}
      userProfile={false}
    />
  </Col>
</div>
`;
