// Jest Snapshot v1, https://goo.gl/fbAQLP

exports[`HearingCard component should render as expected 1`] = `
<div
  className="hearing-card "
>
  <withRouter(Connect(LinkWithLangComponent))
    to={
      Object {
        "path": "/mockHearing",
      }
    }
  >
    <div
      className="hearing-card-image"
      style={
        Object {
          "backgroundImage": "url(https://api.hel.fi/kerrokantasi-test/media/images/2017/10/LzqVMrMI.jpeg)",
        }
      }
    >
      <div
        className="hearing-card-comment-count"
      >
        <Icon
          Component="span"
          name="comment-o"
        />
         
        1
      </div>
    </div>
  </withRouter(Connect(LinkWithLangComponent))>
  <div
    className="hearing-card-content"
  >
    <div
      className="hearing-card-time "
    >
      <FormatRelativeTime
        messagePrefix="timeClose"
        timeVal="2200-11-28T22:00:00Z"
      />
    </div>
    <h4
      className="hearing-card-title"
    >
      <withRouter(Connect(LinkWithLangComponent))
        to={
          Object {
            "path": "/mockHearing",
          }
        }
      >
        Mock Hearing
      </withRouter(Connect(LinkWithLangComponent))>
    </h4>
    <div
      className="hearing-card-labels"
    >
      <LabelList
        className="hearing-list-item-labellist"
        labels={Array []}
        language="fi"
      />
    </div>
  </div>
</div>
`;
