// Jest Snapshot v1, https://goo.gl/fbAQLP

exports[`Home component should render as expected 1`] = `
<div>
  <section
    className="page-section page-section--welcome"
    style={
      Object {
        "backgroundImage": "url('http://materialbank.myhelsinki.fi/detail/1192/download/7')",
      }
    }
  >
    <Grid
      bsClass="container"
      componentClass="div"
      fluid={false}
    >
      <Row
        bsClass="row"
        componentClass="div"
      >
        <Col
          bsClass="col"
          className="welcome-content"
          componentClass="div"
          md={8}
          xs={10}
        >
          <HelmetWrapper
            defer={true}
            encodeSpecialCharacters={true}
            title="Kerro mielipiteesi"
          />
          <h1>
            <FormattedMessage
              id="welcome"
              values={Object {}}
            />
          </h1>
          <p
            className="lead"
          >
            <FormattedMessage
              id="welcomeMessage"
              values={Object {}}
            />
          </p>
        </Col>
      </Row>
    </Grid>
    <div
      className="welcome-koro__bottom"
    />
  </section>
  <section
    className="page-section page-section--hearing-card"
  >
    <div
      className="container"
    >
      <h2
        className="page-title"
      >
        <FormattedMessage
          id="openHearings"
          values={Object {}}
        />
      </h2>
      <withRouter(FullWidthHearing)
        hearing={
          Object {
            "abstract": Object {
              "fi": "Tämä on suomenkielinen testiabstrakti. Sisältää huikean kuvauksen kyseisestä kuulemisesta.",
            },
            "borough": Object {},
            "close_at": "2200-11-28T22:00:00Z",
            "closed": false,
            "created_at": "2017-10-23T11:07:26.630423Z",
            "default_to_fullscreen": false,
            "geojson": null,
            "id": "rXT2L1HxEOZTERjluyxyQZ412aYM8oZE",
            "labels": Array [],
            "main_image": Object {
              "caption": Object {
                "fi": "A Wonderfull caption",
              },
              "height": 631,
              "id": 92,
              "title": Object {},
              "url": "https://api.hel.fi/kerrokantasi-test/media/images/2017/10/LzqVMrMI.jpeg",
              "width": 893,
            },
            "n_comments": 1,
            "open_at": "2017-10-22T21:00:00Z",
            "organization": "Mock Inc",
            "published": true,
            "servicemap_url": "",
            "slug": "mockHearing",
            "title": Object {
              "fi": "Mock Hearing",
            },
          }
        }
      />
      <div
        className="list"
      >
        <HearingCardList
          hearings={Array []}
        />
        <p
          className="text-center"
        >
          <withRouter(Connect(LinkWithLangComponent))
            className="btn btn-default"
            to={
              Object {
                "path": "/hearings/list",
              }
            }
          >
            <FormattedMessage
              id="allHearings"
              values={Object {}}
            />
          </withRouter(Connect(LinkWithLangComponent))>
        </p>
      </div>
    </div>
    <div
      className="hearings-koro__bottom"
    />
  </section>
  <section
    className="page-section page-section--feedback"
  >
    <div
      className="container"
    >
      <a
        className="feedback-box"
        href="mailto:kerrokantasi@example.com?subject=Kerrokantasi-palaute"
      >
        <h2
          className="feedback-prompt"
        >
          <FormattedMessage
            id="feedbackPrompt"
            values={Object {}}
          />
        </h2>
      </a>
    </div>
  </section>
  <section
    className="page-section page-section--map"
  >
    <div
      className="container"
    >
      <div
        className="map"
      >
        <h2>
          <FormattedMessage
            id="open-hearings-on-map"
            values={Object {}}
          />
        </h2>
        <Connect(OverviewMap)
          enablePopups={true}
          hearings={
            Array [
              Object {
                "abstract": Object {
                  "fi": "Tämä on suomenkielinen testiabstrakti. Sisältää huikean kuvauksen kyseisestä kuulemisesta.",
                },
                "borough": Object {},
                "close_at": "2200-11-28T22:00:00Z",
                "closed": false,
                "created_at": "2017-10-23T11:07:26.630423Z",
                "default_to_fullscreen": false,
                "geojson": null,
                "id": "rXT2L1HxEOZTERjluyxyQZ412aYM8oZE",
                "labels": Array [],
                "main_image": Object {
                  "caption": Object {
                    "fi": "A Wonderfull caption",
                  },
                  "height": 631,
                  "id": 92,
                  "title": Object {},
                  "url": "https://api.hel.fi/kerrokantasi-test/media/images/2017/10/LzqVMrMI.jpeg",
                  "width": 893,
                },
                "n_comments": 1,
                "open_at": "2017-10-22T21:00:00Z",
                "organization": "Mock Inc",
                "published": true,
                "servicemap_url": "",
                "slug": "mockHearing",
                "title": Object {
                  "fi": "Mock Hearing",
                },
              },
            ]
          }
          style={
            Object {
              "height": 600,
              "width": "100%",
            }
          }
        />
      </div>
    </div>
  </section>
</div>
`;
