// Jest Snapshot v1, https://goo.gl/fbAQLP

exports[`<Hearings /> should render correctly 1`] = `
<div>
  <div
    class="hearings"
  >
    <section
      class="page-section page-section--all-hearings-header"
    >
      <div
        class="container"
      >
        <div
          class="row"
        >
          <div
            class="col-md-10 col-md-push-1"
          >
            <h1
              class="page-title"
            >
              allHearings
            </h1>
          </div>
        </div>
      </div>
    </section>
    <div
      class="loader-wrap"
      data-testid="load-spinner"
    >
      <span
        class="fa fa-hourglass-o fa-2x fa-spin"
      />
    </div>
  </div>
</div>
`;
